=== CANARY v2 label=after-restart-E1 seconds=120 cadence=0.2s drive=RAG search 1/2s 2026-08-04 10:09:27 ===
инструмент: /api/models (in-memory) | контроль: 127.0.0.1:8899/ping (отдельный процесс) | legacy: /api/role-icons (читает диск)
--- условия ДО: {"pid": 326587, "rag_enabled": "true", "rag_onnx_threads": "<unset>", "rss_mb": 864, "onnxruntime_so_maps": 9, "onnx_model_maps": 0, "threads": 33, "nproc": 8, "mem_total_gb": 23.5, "uptime_min": 1364.4, "loadavg": ["2.60", "3.48", "4.20"], "agent_procs": 7, "pressure_io": ["some avg10=0.00 avg60=0.00 avg300=0.00 total=1866505555", "full avg10=0.00 avg60=0.00 avg300=0.00 total=1692226359"], "pressure_cpu": ["some avg10=0.12 avg60=0.12 avg300=0.03 total=1064441627", "full avg10=0.00 avg60=0.00 avg300=0.00 total=0"]}
--- условия ПОСЛЕ: {"pid": 326587, "rag_enabled": "true", "rag_onnx_threads": "<unset>", "rss_mb": 867, "onnxruntime_so_maps": 9, "onnx_model_maps": 0, "threads": 33, "nproc": 8, "mem_total_gb": 23.5, "uptime_min": 1366.4, "loadavg": ["2.77", "3.23", "4.01"], "agent_procs": 7, "pressure_io": ["some avg10=0.00 avg60=0.00 avg300=0.00 total=1866551229", "full avg10=0.00 avg60=0.00 avg300=0.00 total=1692269570"], "pressure_cpu": ["some avg10=0.00 avg60=0.01 avg300=0.00 total=1064716607", "full avg10=0.00 avg60=0.00 avg300=0.00 total=0"]}
--- результаты ---
  orchestra        n= 573  p50=     6.2  p90=    11.4  p99=     31.6  max=     66.5 ms
      >   50ms:    2 (  0.3%)
      >  100ms:    0 (  0.0%)
      >  250ms:    0 (  0.0%)
      >  500ms:    0 (  0.0%)
      > 1000ms:    0 (  0.0%)
      > 2000ms:    0 (  0.0%)   <<< порог фронта
      > 5000ms:    0 (  0.0%)
  control          n= 573  p50=     1.6  p90=     3.5  p99=     14.5  max=     58.1 ms
      >   50ms:    1 (  0.2%)
      >  100ms:    0 (  0.0%)
      >  250ms:    0 (  0.0%)
      >  500ms:    0 (  0.0%)
      > 1000ms:    0 (  0.0%)
      > 2000ms:    0 (  0.0%)   <<< порог фронта
      > 5000ms:    0 (  0.0%)
  legacy           n= 114  p50=     3.8  p90=     7.9  p99=     16.1  max=     22.5 ms
      >   50ms:    0 (  0.0%)
      >  100ms:    0 (  0.0%)
      >  250ms:    0 (  0.0%)
      >  500ms:    0 (  0.0%)
      > 1000ms:    0 (  0.0%)
      > 2000ms:    0 (  0.0%)   <<< порог фронта
      > 5000ms:    0 (  0.0%)
  медиана orchestra/control = 3.8×
--- нагрузка RAG: 55 запросов /api/memory/search, ответы {200: 55} ---
  rag-search(200)  n=  55  p50=   172.1  p90=   239.3  p99=    737.1  max=    737.1 ms
      >   50ms:   55 (100.0%)
      >  100ms:   55 (100.0%)
      >  250ms:    3 (  5.5%)
      >  500ms:    1 (  1.8%)
      > 1000ms:    0 (  0.0%)
      > 2000ms:    0 (  0.0%)   <<< порог фронта
      > 5000ms:    0 (  0.0%)
--- страничные фолты сервера: minflt 68/с, majflt 2/с ---
--- cgroup orchestra.service: memory.high срабатываний 0/с, pgscan_direct 0/с, лимит high=8,589,934,592 current=2,127,605,760 ---
  стоек нет — сравнивать не с чем
--- стойки >250 мс: 0 ---
--- ошибки: 0 ---
