Running as unit: run-p1403649-i1391245.scope; invocation ID: bd74246c9a974e42b241185d00e88bef
Traceback (most recent call last):
  File "/mnt/data/Projects/Python/orchestra/scripts/explainer_video/make.py", line 505, in <module>
    main()
  File "/mnt/data/Projects/Python/orchestra/scripts/explainer_video/make.py", line 467, in main
    steps = read_steps(args.scene, args.lang)
            ^^^^^^^^^^^^^^^^^^^^^^^^^^^^^^^^^
  File "/mnt/data/Projects/Python/orchestra/scripts/explainer_video/make.py", line 122, in read_steps
    browser, page = open_scene(pw, scene, None)
                    ^^^^^^^^^^^^^^^^^^^^^^^^^^^
  File "/mnt/data/Projects/Python/orchestra/scripts/explainer_video/make.py", line 102, in open_scene
    browser = pw.chromium.launch()
              ^^^^^^^^^^^^^^^^^^^^
  File "/mnt/data/Apps/orchestra-video/playwright/lib/python3.12/site-packages/playwright/sync_api/_generated.py", line 16515, in launch
    self._sync(
  File "/mnt/data/Apps/orchestra-video/playwright/lib/python3.12/site-packages/playwright/_impl/_sync_base.py", line 115, in _sync
    return task.result()
           ^^^^^^^^^^^^^
  File "/mnt/data/Apps/orchestra-video/playwright/lib/python3.12/site-packages/playwright/_impl/_browser_type.py", line 97, in launch
    await self._channel.send(
  File "/mnt/data/Apps/orchestra-video/playwright/lib/python3.12/site-packages/playwright/_impl/_connection.py", line 69, in send
    return await self._connection.wrap_api_call(
           ^^^^^^^^^^^^^^^^^^^^^^^^^^^^^^^^^^^^^
  File "/mnt/data/Apps/orchestra-video/playwright/lib/python3.12/site-packages/playwright/_impl/_connection.py", line 563, in wrap_api_call
    raise rewrite_error(error, f"{parsed_st['apiName']}: {error}") from None
playwright._impl._errors.Error: BrowserType.launch: Executable doesn't exist at /home/maxim/.cache/ms-playwright/chromium_headless_shell-1228/chrome-headless-shell-linux64/chrome-headless-shell
╔════════════════════════════════════════════════════════════╗
║ Looks like Playwright was just installed or updated.       ║
║ Please run the following command to download new browsers: ║
║                                                            ║
║     playwright install                                     ║
║                                                            ║
║ <3 Playwright Team                                         ║
╚════════════════════════════════════════════════════════════╝
