None of PyTorch, TensorFlow >= 2.0, or Flax have been found. Models won't be available and only tokenizers, configuration and file/data utilities can be used.
синтез 1 фраз (загрузка модели ~2 мин)…
tts: .orchestra/tasks/V-696/video/.tts-cache/d632c9d5e89019d1.raw.wav
    0.30–  5.42  шаг  5.90 с  Это Оркестра: одна панель управления командой агентов искусственного интеллекта для вашего репозитория.
    6.21–  8.77  шаг  3.35 с  Вы описываете задачу оркестратору обычными словами.
    9.56– 13.27  шаг  4.50 с  Он изучает код, находит причину и делит работу на параллельные направления.
   14.05– 17.29  шаг  4.02 с  У каждого агента своя ветка, поэтому изменения не конфликтуют.
   18.08– 22.12  шаг  4.82 с  У каждой модели своя роль: планировать, писать код или обновлять документацию.
   22.90– 25.72  шаг  3.60 с  В его чате видны ветка, контекст и стоимость работы.
   26.50– 29.43  шаг  3.71 с  Воркер присылает список изменённых файлов и результат тестов.
   30.21– 33.43  шаг  4.00 с  Оркестратор сам проверяет изменения и запускает весь набор тестов.
   34.21– 38.35  шаг  4.93 с  П+осле проверки он объединяет изменения одним коммитом на задачу. Код не выкачен.
   39.14– 40.69  шаг  2.34 с  Доска задач обновляется сама.
   41.48– 44.51  шаг  3.81 с  Нажмите на панель квот, чтобы увидеть лимиты Клода и Кодекса.
   45.29– 48.57  шаг  4.07 с  История показывает, как быстро расходуются квоты от недели к неделе.
   49.36– 52.56  шаг  3.99 с  Аналитика показывает стоимость по дням и расходы Клода и Кодекса.
   53.34– 56.51  шаг  3.95 с  Выберите период или посмотрите расходы каждого агента и модели.
   57.30– 60.29  шаг  3.78 с  Шлюз задерживает запуск новых воркеров до исчерпания лимита.
   61.07– 64.56  шаг  4.27 с  Рискованные действия, например возврат денег, ждут вашего разрешения.
   65.34– 69.52  шаг  6.98 с  Оркестра — открытый код на вашем сервере, работающий с уже подключёнными подписками.
длина ролика 74.0 с
.orchestra/tasks/V-696/video/orchestra-tour-contact.png
.orchestra/tasks/V-696/video/orchestra-tour.mp4 9.1 МБ
  recall 1.00  сдвиг слова 0.02  звука 0.0  Это Оркестра: одна панель управления командой агентов искусственного интеллекта для вашего репозитория.
      слышно: это оркестра одна панель управления командой агентов искусственного интеллекта для вашего репозитория
  recall 1.00  сдвиг слова -0.13  звука 0.0  Вы описываете задачу оркестратору обычными словами.
      слышно: вы описываете задачу оркестратору обычными словами
  recall 1.00  сдвиг слова -0.04  звука 0.0  Он изучает код, находит причину и делит работу на параллельные направления.
      слышно: он изучает код находит причину и делит работу на параллельные направления
  recall 1.00  сдвиг слова -0.05  звука 0.0  У каждого агента своя ветка, поэтому изменения не конфликтуют.
      слышно: у каждого агента своя ветка поэтому изменения не конфликтуют
  recall 1.00  сдвиг слова -0.55  звука 0.0  У каждой модели своя роль: планировать, писать код или обновлять документацию.
      слышно: у каждой модели своя роль планировать писать код или обновлять документацию
  recall 1.00  сдвиг слова -0.09  звука 0.0  В его чате видны ветка, контекст и стоимость работы.
      слышно: в его чате видны ветка контекст и стоимость работы
  recall 1.00  сдвиг слова -0.11  звука 0.0  Воркер присылает список изменённых файлов и результат тестов.
      слышно: воркер присылает список измененных файлов и результат тестов
  recall 1.00  сдвиг слова -0.06  звука 0.0  Оркестратор сам проверяет изменения и запускает весь набор тестов.
      слышно: оркестратор сам проверяет изменения и запускает весь набор тестов
  recall 1.00  сдвиг слова 0.02  звука 0.0  П+осле проверки он объединяет изменения одним коммитом на задачу. Код не выкачен.
      слышно: после проверки он объединяет изменения одним коммитом на задачу код не выкачан
  recall 1.00  сдвиг слова -0.05  звука 0.0  Доска задач обновляется сама.
      слышно: доска задач обновляется сама
  recall 1.00  сдвиг слова 0.09  звука 0.0  Нажмите на панель квот, чтобы увидеть лимиты Клода и Кодекса.
      слышно: нажмите на панель квот чтобы увидеть лимиты клода и кодекса
  recall 1.00  сдвиг слова 0.04  звука 0.0  История показывает, как быстро расходуются квоты от недели к неделе.
      слышно: история показывает как быстро расходуются квоты от недели к неделе
  recall 1.00  сдвиг слова 0.05  звука 0.0  Аналитика показывает стоимость по дням и расходы Клода и Кодекса.
      слышно: аналитика показывает стоимость по дням и расходы клода кодекса
  recall 1.00  сдвиг слова -0.05  звука 0.0  Выберите период или посмотрите расходы каждого агента и модели.
      слышно: выберите период или посмотрите расходы каждого агента и модель
  recall 1.00  сдвиг слова -0.0  звука 0.0  Шлюз задерживает запуск новых воркеров до исчерпания лимита.
      слышно: шлюз задерживает запуск новых воркеров до исчерпания лимита
  recall 1.00  сдвиг слова 0.06  звука 0.0  Рискованные действия, например возврат денег, ждут вашего разрешения.
      слышно: рискованные действия например возврат денег ждут вашего разрешения
  recall 0.91  сдвиг слова None  звука 0.0  Оркестра — открытый код на вашем сервере, работающий с уже подключёнными подписками.
      слышно: открытый код на вашем сервере работающий с уже подключенными подписками
минимальная дословность 0.91, наибольший сдвиг: первого слова 0.55 с, начала звука 0.0 с
Deepgram min recall=0.91 onset max=0.0 s
None of PyTorch, TensorFlow >= 2.0, or Flax have been found. Models won't be available and only tokenizers, configuration and file/data utilities can be used.
5 differences -> .orchestra/tasks/V-696/stress-differences.json
{"phrase": "Это Оркестра: одна панель управления командой агентов искусственного интеллекта для вашего репозитория.", "word": "репозитория", "vosk_stress_vowel_indices": [3, 5], "vosk_phones": "rj e0 p o0 zj i1 t o0 rj i1 j a0", "ruaccent_word": "репозит+ория", "ruaccent_stress_vowel_index": 4, "difference": "stress differs"}
{"phrase": "Вы описываете задачу оркестратору обычными словами.", "word": "оркестратору", "vosk_stress_vowel_indices": [], "vosk_phones": null, "ruaccent_word": "оркестр+атору", "ruaccent_stress_vowel_index": 3, "difference": "OOV"}
{"phrase": "После проверки он объединяет изменения одним коммитом на задачу. Код не выкачен.", "word": "После", "vosk_stress_vowel_indices": [1], "vosk_phones": "p o1 s lj e0", "ruaccent_word": "Посл+е", "ruaccent_stress_vowel_index": 2, "difference": "stress differs"}
{"phrase": "Шлюз задерживает запуск новых воркеров до исчерпания лимита.", "word": "лимита", "vosk_stress_vowel_indices": [3], "vosk_phones": "lj i0 mj i0 t a1", "ruaccent_word": "лим+ита", "ruaccent_stress_vowel_index": 2, "difference": "stress differs"}
{"phrase": "Оркестра — открытый код на вашем сервере, работающий с уже подключёнными подписками.", "word": "уже", "vosk_stress_vowel_indices": [1], "vosk_phones": "u1 zh e0", "ruaccent_word": "уж+е", "ruaccent_stress_vowel_index": 2, "difference": "stress differs"}
telegram=9080936 github=4934301 crf=27
