ssssssssssss............................................................ [  7%]
........................................................................ [ 15%]
........................................................................ [ 23%]
........................................................................ [ 31%]
........................................................................ [ 39%]
........................................................................ [ 47%]
........................................................................ [ 55%]
........................................................................ [ 63%]
........................................................................ [ 71%]
................................................xxx..................... [ 79%]
........................................................................ [ 87%]
..........................................F............................. [ 95%]
.......F...................................                              [100%]
=================================== FAILURES ===================================
__________________ test_committed_css_matches_current_sources __________________

tmp_path = PosixPath('/tmp/pytest-of-kesha/pytest-8646/test_committed_css_matches_cur0')

    @pytest.mark.skipif(shutil.which("npx") is None, reason="npx недоступен — сборку не проверить")
    def test_committed_css_matches_current_sources(tmp_path):
        """Пересборка из текущих исходников должна дать байт-в-байт закоммиченный файл."""
        out = tmp_path / "tailwind.css"
        proc = subprocess.run(
            ["npx", "--yes", TAILWIND, "-c", "tailwind.config.js",
             "-i", "app/static/css/tailwind.src.css", "-o", str(out), "--minify"],
            cwd=ROOT, capture_output=True, text=True, timeout=300,
        )
        assert proc.returncode == 0, proc.stderr[-2000:]
>       assert out.read_text(encoding="utf-8") == CSS.read_text(encoding="utf-8"), (
            "собранный CSS разошёлся с закоммиченным — в исходниках появились или пропали "
            "классы. Почини запуском: bash scripts/build-tailwind.sh"
        )
E       AssertionError: собранный CSS разошёлся с закоммиченным — в исходниках появились или пропали классы. Почини запуском: bash scripts/build-tailwind.sh
E       assert '*,:after,:be...e-offset:2px}' == '*,:after,:be...e-offset:2px}'
E         
E         Skipping 5626 identical leading characters in diff, use -v to show
E         - ft:1rem}.mt-0\.5{margin-top:.125rem}.mt-1{margin-top:.25rem}.mt-2{margin-top:.5rem}.mt-3{margin-top:.75rem}.\!block{display:block!important}.block{display:block}.inline{display:inline}.flex{display:flex}.table{display:table}.grid{display:grid}.hidden{display:none}.h-1{height:.25rem}.h-1\.5{height:.375rem}.h-16{height:4rem}.h-4{height:1rem}.h-full{height:100%}.h-screen{height:100vh}.max-h-48{max-height:12rem}.max-h-\[300px\]{max-height:300px}.max-h-\[80vh\]{max-height:80vh}.max-h-\[85vh\]{max-height:85vh...
E         
E         ...Full output truncated (2 lines hidden), use '-vv' to show

tests/test_tailwind_css.py:45: AssertionError
___ test_t3_merge_operation_replay_does_not_repeat_git_or_lose_task_outcome ____

monkeypatch = <_pytest.monkeypatch.MonkeyPatch object at 0x7de28a752ed0>

    @pytest.mark.asyncio
    async def test_t3_merge_operation_replay_does_not_repeat_git_or_lose_task_outcome(
        monkeypatch,
    ):
        """A PARTIAL replay resumes only the durable DB finalizer, never Git."""
        import app.merge_operations as operations
        import app.routes.merge_operations as merge_route
        from app import tm
    
        _init_db()
        _seed_project()
        with tm._conn() as connection:
            task = tm.create_task(
                connection, "project", "Durable close", par_number=42, status="in_progress",
            )
            connection.execute(
                "UPDATE tm_tasks SET worker_session_id=? WHERE id=?",
                ("durable-worker", task["id"]),
            )
        _save_worker(session_id="durable-worker", task_id="42")
        found = _prepare_merge(monkeypatch, session_id="durable-worker")
        monkeypatch.setattr(
            "app.workspace.inspect_worktree_identity",
            lambda _path: (found.branch, "e" * 40),
        )
        merge_calls = 0
    
        def merge(*_args, **_kwargs):
            nonlocal merge_calls
            merge_calls += 1
            return {
                "ok": True,
                "commits_merged": 1,
                "branch": found.branch,
                "commit_point": "target_committed",
                "merged_commits": {
                    "42": [{"hash": "fedcba", "message": "#42: durable"}],
                },
            }
    
        monkeypatch.setattr("app.workspace.merge_worktree_to_main", merge)
        real_link = tm.link_commits_to_task
        link_attempts = 0
    
        def flaky_link(*args, **kwargs):
            nonlocal link_attempts
            link_attempts += 1
            if link_attempts == 1:
                raise RuntimeError("injected finalizer failure")
            return real_link(*args, **kwargs)
    
        monkeypatch.setattr(tm, "link_commits_to_task", flaky_link)
        operation_id = str(uuid.uuid4())
        request = {
            "operation_id": operation_id,
            "name": found.name,
            "scope": found.scope,
            "task_outcome": "complete",
            "merge_schema_version": 2,
        }
    
        await merge_route.create_merge_operation(request)
        await asyncio.gather(*list(operations._runner_tasks.values()))
        first = await merge_route.get_merge_operation(operation_id)
        partial = json.loads(first.body)["result"]
    
>       assert partial["operation_state"] == "PARTIAL"
E       AssertionError: assert 'FAILED' == 'PARTIAL'
E         
E         - PARTIAL
E         + FAILED

tests/test_task_tracker_integration.py:1780: AssertionError
=========================== short test summary info ============================
FAILED tests/test_tailwind_css.py::test_committed_css_matches_current_sources
FAILED tests/test_task_tracker_integration.py::test_t3_merge_operation_replay_does_not_repeat_git_or_lose_task_outcome
2 failed, 890 passed, 12 skipped, 3 xfailed in 301.03s (0:05:01)
