синтез 17 фраз (загрузка модели ~2 мин)…
tts: /home/kesha/readme-stand-V690/render/voices/.tts-cache/273183e96eea4fa6.raw.wav
tts: /home/kesha/readme-stand-V690/render/voices/.tts-cache/c25e80f14d137099.raw.wav
tts: /home/kesha/readme-stand-V690/render/voices/.tts-cache/16cd231bfe1d5d8c.raw.wav
tts: /home/kesha/readme-stand-V690/render/voices/.tts-cache/e689258a00296417.raw.wav
tts: /home/kesha/readme-stand-V690/render/voices/.tts-cache/8b13659ba203b0b5.raw.wav
tts: /home/kesha/readme-stand-V690/render/voices/.tts-cache/6b8d7cd524547d50.raw.wav
tts: /home/kesha/readme-stand-V690/render/voices/.tts-cache/8449433373e39984.raw.wav
tts: /home/kesha/readme-stand-V690/render/voices/.tts-cache/b880f8eb4520fc91.raw.wav
tts: /home/kesha/readme-stand-V690/render/voices/.tts-cache/29a8c0d76778ea87.raw.wav
tts: /home/kesha/readme-stand-V690/render/voices/.tts-cache/cee9529d367cd462.raw.wav
tts: /home/kesha/readme-stand-V690/render/voices/.tts-cache/8af1646ebe8af2f0.raw.wav
tts: /home/kesha/readme-stand-V690/render/voices/.tts-cache/f141f6dfb56cf11a.raw.wav
tts: /home/kesha/readme-stand-V690/render/voices/.tts-cache/b5a946859b6f2575.raw.wav
tts: /home/kesha/readme-stand-V690/render/voices/.tts-cache/7861fe1115f1b0ec.raw.wav
tts: /home/kesha/readme-stand-V690/render/voices/.tts-cache/ec73c8d5aa4a023b.raw.wav
tts: /home/kesha/readme-stand-V690/render/voices/.tts-cache/4f0ebe9e9ab9a725.raw.wav
tts: /home/kesha/readme-stand-V690/render/voices/.tts-cache/2ea4f822c7f818f7.raw.wav
    0.28–  6.62  шаг  7.06 с  Это Оркестра: одна панель управления командой агентов искусственного интеллекта для вашего репозитория.
    7.34– 10.28  шаг  3.66 с  Вы описываете задачу оркестратору обычными словами.
   11.00– 15.65  шаг  5.38 с  Он изучает код, находит причину и делит работу на параллельные направления.
   16.37– 21.84  шаг  6.19 с  За каждое направление отвечает отдельный воркер в своей ветке гит — изменения не конфликтуют.
   22.56– 30.14  шаг  8.30 с  Можно сочетать модели: Опус планирует, Соннет и Кодекс пишут код, Хайку обновляет документацию.
   30.86– 34.37  шаг  4.22 с  В его чате видны ветка, контекст и стоимость работы.
   35.09– 38.77  шаг  4.40 с  Воркер присылает список изменённых файлов и результат тестов.
   39.48– 43.27  шаг  4.51 с  Оркестратор сам проверяет изменения и запускает весь набор тестов.
   43.99– 49.09  шаг  5.82 с  После проверки он объединяет изменения одним коммитом на задачу. Код не выкачен.
   49.81– 51.62  шаг  2.53 с  Доска задач обновляется сама.
   52.34– 56.20  шаг  4.58 с  Нажмите на панель квот, чтобы увидеть лимиты Клода и Кодекса.
   56.92– 60.98  шаг  4.77 с  История показывает, как быстро расходуются квоты от недели к неделе.
   61.70– 65.55  шаг  4.57 с  Аналитика показывает стоимость по дням и расходы Клода и Кодекса.
   66.27– 70.09  шаг  4.54 с  Выберите период или посмотрите расходы каждого агента и модели.
   70.81– 74.50  шаг  4.41 с  Шлюз задерживает запуск новых воркеров до исчерпания лимита.
   75.22– 79.17  шаг  4.68 с  Рискованные действия, например возврат денег, ждут вашего разрешения.
   79.89– 84.89  шаг  7.78 с  Оркестра — открытый код на вашем сервере, работающий с уже подключёнными подписками.
длина ролика 89.4 с
/home/kesha/readme-stand-V690/render/voices/orchestra-tour-contact.png
/home/kesha/readme-stand-V690/render/voices/orchestra-tour.mp4 9.7 МБ
  recall 1.00  сдвиг слова 0.28  звука 0.03  Это Оркестра: одна панель управления командой агентов искусственного интеллекта для вашего репозитория.
      слышно: это оркестра одна панель управления командой агентов искусственного интеллекта для вашего репозитория
  recall 1.00  сдвиг слова 0.02  звука 0.03  Вы описываете задачу оркестратору обычными словами.
      слышно: вы описываете задачу оркестратору обычными словами
  recall 1.00  сдвиг слова -0.12  звука 0.03  Он изучает код, находит причину и делит работу на параллельные направления.
      слышно: он изучает код находит причину и делит работу на параллельные направления
  recall 0.92  сдвиг слова 0.0  звука 0.03  За каждое направление отвечает отдельный воркер в своей ветке гит — изменения не конфликтуют.
      слышно: за каждое направление отвечает отдельный воркер в своей ветке изменения не конфликтуют
  recall 0.92  сдвиг слова 0.05  звука 0.03  Можно сочетать модели: Опус планирует, Соннет и Кодекс пишут код, Хайку обновляет документацию.
      слышно: можно сочетать модели опус планирует соннет и кодекс пишут код обновляет документацию
  recall 1.00  сдвиг слова 0.04  звука 0.03  В его чате видны ветка, контекст и стоимость работы.
      слышно: в его чате видны ветка контекст и стоимость работы
  recall 1.00  сдвиг слова 0.05  звука 0.03  Воркер присылает список изменённых файлов и результат тестов.
      слышно: воркер присылает список измененных файлов и результат тестов
  recall 1.00  сдвиг слова -0.02  звука 0.03  Оркестратор сам проверяет изменения и запускает весь набор тестов.
      слышно: оркестратор сам проверяет изменения и запускает весь набор тестов
  recall 1.00  сдвиг слова -0.04  звука 0.02  После проверки он объединяет изменения одним коммитом на задачу. Код не выкачен.
      слышно: после проверки он объединяет изменения одним коммитом на задачу код не выкачан
  recall 1.00  сдвиг слова -0.01  звука 0.03  Доска задач обновляется сама.
      слышно: доска задач обновляется сама
  recall 1.00  сдвиг слова -0.07  звука 0.03  Нажмите на панель квот, чтобы увидеть лимиты Клода и Кодекса.
      слышно: нажмите на панель квот чтобы увидеть лимиты клода и кодекса
  recall 1.00  сдвиг слова 0.03  звука 0.03  История показывает, как быстро расходуются квоты от недели к неделе.
      слышно: история показывает как быстро расходуются квоты от недели к неделе
  recall 1.00  сдвиг слова -0.75  звука 0.03  Аналитика показывает стоимость по дням и расходы Клода и Кодекса.
      слышно: аналитика показывает стоимость по дням и расходы клода кодекса
  recall 1.00  сдвиг слова 0.04  звука 0.02  Выберите период или посмотрите расходы каждого агента и модели.
      слышно: выберите период или посмотрите расходы каждого агента и модели
  recall 1.00  сдвиг слова -0.03  звука 0.02  Шлюз задерживает запуск новых воркеров до исчерпания лимита.
      слышно: шлюз задерживает запуск новых воркеров до исчерпания лимита
  recall 1.00  сдвиг слова 0.04  звука 0.03  Рискованные действия, например возврат денег, ждут вашего разрешения.
      слышно: рискованные действия например возврат денег ждут вашего разрешения
  recall 0.91  сдвиг слова 0.03  звука 0.03  Оркестра — открытый код на вашем сервере, работающий с уже подключёнными подписками.
      слышно: открытый код на вашем сервере работающий с уже подключенными подписками
минимальная дословность 0.91, наибольший сдвиг: первого слова 0.75 с, начала звука 0.03 с
Deepgram min recall=0.91 onset max=0.03 s
orchestra-tour-voskspeaker0-female_0 telegram=9681402 github=5320204 crf=27
синтез 17 фраз (загрузка модели ~2 мин)…
tts: /home/kesha/readme-stand-V690/render/voices/.tts-cache/530e643c7dd1af7e.raw.wav
tts: /home/kesha/readme-stand-V690/render/voices/.tts-cache/035d1b6a8e08d733.raw.wav
tts: /home/kesha/readme-stand-V690/render/voices/.tts-cache/12076689a3117aeb.raw.wav
tts: /home/kesha/readme-stand-V690/render/voices/.tts-cache/a27771dc16a2e4f0.raw.wav
tts: /home/kesha/readme-stand-V690/render/voices/.tts-cache/9a340945568929cb.raw.wav
tts: /home/kesha/readme-stand-V690/render/voices/.tts-cache/b4c71eb489a5410e.raw.wav
tts: /home/kesha/readme-stand-V690/render/voices/.tts-cache/3b82abadb5477a2f.raw.wav
tts: /home/kesha/readme-stand-V690/render/voices/.tts-cache/0f97cfded9a79d90.raw.wav
tts: /home/kesha/readme-stand-V690/render/voices/.tts-cache/35f2d02dd513f2ee.raw.wav
tts: /home/kesha/readme-stand-V690/render/voices/.tts-cache/98ccc7457dbd3ecf.raw.wav
tts: /home/kesha/readme-stand-V690/render/voices/.tts-cache/ae74037735b8c07d.raw.wav
tts: /home/kesha/readme-stand-V690/render/voices/.tts-cache/2d946c6bd5d7c431.raw.wav
tts: /home/kesha/readme-stand-V690/render/voices/.tts-cache/a9fffbe9e9d3a369.raw.wav
tts: /home/kesha/readme-stand-V690/render/voices/.tts-cache/181a364e2297c52d.raw.wav
tts: /home/kesha/readme-stand-V690/render/voices/.tts-cache/5805a0726e0c10bc.raw.wav
tts: /home/kesha/readme-stand-V690/render/voices/.tts-cache/f63abc8d12479d0f.raw.wav
tts: /home/kesha/readme-stand-V690/render/voices/.tts-cache/83028223deaf747f.raw.wav
    0.28–  4.90  шаг  5.34 с  Это Оркестра: одна панель управления командой агентов искусственного интеллекта для вашего репозитория.
    5.62–  7.99  шаг  3.09 с  Вы описываете задачу оркестратору обычными словами.
    8.71– 12.15  шаг  4.16 с  Он изучает код, находит причину и делит работу на параллельные направления.
   12.87– 17.17  шаг  5.03 с  За каждое направление отвечает отдельный воркер в своей ветке гит — изменения не конфликтуют.
   17.89– 22.94  шаг  5.77 с  Можно сочетать модели: Опус планирует, Соннет и Кодекс пишут код, Хайку обновляет документацию.
   23.66– 26.28  шаг  3.33 с  В его чате видны ветка, контекст и стоимость работы.
   27.00– 29.67  шаг  3.39 с  Воркер присылает список изменённых файлов и результат тестов.
   30.39– 33.36  шаг  3.69 с  Оркестратор сам проверяет изменения и запускает весь набор тестов.
   34.08– 37.90  шаг  4.54 с  После проверки он объединяет изменения одним коммитом на задачу. Код не выкачен.
   38.62– 40.02  шаг  2.12 с  Доска задач обновляется сама.
   40.74– 43.58  шаг  3.55 с  Нажмите на панель квот, чтобы увидеть лимиты Клода и Кодекса.
   44.30– 47.28  шаг  3.70 с  История показывает, как быстро расходуются квоты от недели к неделе.
   48.00– 50.94  шаг  3.66 с  Аналитика показывает стоимость по дням и расходы Клода и Кодекса.
   51.66– 54.58  шаг  3.65 с  Выберите период или посмотрите расходы каждого агента и модели.
   55.30– 58.07  шаг  3.48 с  Шлюз задерживает запуск новых воркеров до исчерпания лимита.
   58.79– 62.00  шаг  3.94 с  Рискованные действия, например возврат денег, ждут вашего разрешения.
   62.72– 66.56  шаг  6.62 с  Оркестра — открытый код на вашем сервере, работающий с уже подключёнными подписками.
длина ролика 71.1 с
/home/kesha/readme-stand-V690/render/voices/orchestra-tour-contact.png
/home/kesha/readme-stand-V690/render/voices/orchestra-tour.mp4 9.0 МБ
  recall 1.00  сдвиг слова -0.04  звука 0.0  Это Оркестра: одна панель управления командой агентов искусственного интеллекта для вашего репозитория.
      слышно: это оркестра одна панель управления командой агентов искусственного интеллекта для вашего репозитория
  recall 1.00  сдвиг слова -0.1  звука 0.0  Вы описываете задачу оркестратору обычными словами.
      слышно: вы описываете задачу оркестратору обычными словами
  recall 1.00  сдвиг слова -0.15  звука 0.0  Он изучает код, находит причину и делит работу на параллельные направления.
      слышно: он изучает код находит причину и делит работу на параллельные направления
  recall 0.85  сдвиг слова -0.05  звука -0.0  За каждое направление отвечает отдельный воркер в своей ветке гит — изменения не конфликтуют.
      слышно: за каждое направление отвечает отдельный в своей ветке изменения не конфликтуют
  recall 0.77  сдвиг слова 0.04  звука 0.0  Можно сочетать модели: Опус планирует, Соннет и Кодекс пишут код, Хайку обновляет документацию.
      слышно: можно сочетать модели планирует и пишут код хайку обновляет документацию
  recall 1.00  сдвиг слова 0.03  звука 0.0  В его чате видны ветка, контекст и стоимость работы.
      слышно: в его чате видны ветка контекст и стоимость работы
  recall 1.00  сдвиг слова -0.07  звука 0.0  Воркер присылает список изменённых файлов и результат тестов.
      слышно: воркер присылает список измененных файлов и результат тестов
  recall 1.00  сдвиг слова -0.1  звука 0.0  Оркестратор сам проверяет изменения и запускает весь набор тестов.
      слышно: оркестратор сам проверяет изменения и запускает весь набор тестов
  recall 1.00  сдвиг слова -0.11  звука 0.0  После проверки он объединяет изменения одним коммитом на задачу. Код не выкачен.
      слышно: после проверки он объединяет изменения одним коммитом на задачу код не выкачан
  recall 1.00  сдвиг слова 0.07  звука 0.0  Доска задач обновляется сама.
      слышно: доска задач обновляется сама
  recall 1.00  сдвиг слова -0.14  звука 0.0  Нажмите на панель квот, чтобы увидеть лимиты Клода и Кодекса.
      слышно: нажмите на панель квот чтобы увидеть лимиты клода и кодекса
  recall 1.00  сдвиг слова 0.07  звука 0.0  История показывает, как быстро расходуются квоты от недели к неделе.
      слышно: история показывает как быстро расходуются квоты от недели к неделе
  recall 1.00  сдвиг слова 0.28  звука 0.0  Аналитика показывает стоимость по дням и расходы Клода и Кодекса.
      слышно: аналитика показывает стоимость по дням и расходы клода кодекса
  recall 1.00  сдвиг слова -0.01  звука 0.0  Выберите период или посмотрите расходы каждого агента и модели.
      слышно: выберите период или посмотрите расходы каждого агента и модель
  recall 1.00  сдвиг слова -0.13  звука 0.0  Шлюз задерживает запуск новых воркеров до исчерпания лимита.
      слышно: шлюз задерживает запуск новых воркеров до исчерпания лимита
  recall 1.00  сдвиг слова -0.02  звука 0.0  Рискованные действия, например возврат денег, ждут вашего разрешения.
      слышно: рискованные действия например возврат денег ждут вашего разрешения
  recall 0.91  сдвиг слова -0.03  звука 0.0  Оркестра — открытый код на вашем сервере, работающий с уже подключёнными подписками.
      слышно: открытый код на вашем сервере работающий с уже подключенными подписками
минимальная дословность 0.77, наибольший сдвиг: первого слова 0.28 с, начала звука 0.0 с
Deepgram min recall=0.77 onset max=0.0 s
Deepgram voice check below acceptance threshold
