синтез 2 фраз (загрузка модели ~2 мин)…
tts: /home/kesha/readme-stand-V690/render/voices/.tts-cache/683cf8c9141e3886.raw.wav
tts: /home/kesha/readme-stand-V690/render/voices/.tts-cache/31a883927381e07c.raw.wav
    0.28–  6.62  шаг  7.06 с  Это Оркестра: одна панель управления командой агентов искусственного интеллекта для вашего репозитория.
    7.34– 10.28  шаг  3.66 с  Вы описываете задачу оркестратору обычными словами.
   11.00– 15.65  шаг  5.38 с  Он изучает код, находит причину и делит работу на параллельные направления.
   16.37– 20.52  шаг  4.87 с  Каждый воркер работает в своей ветке, поэтому изменения не конфликтуют.
   21.24– 26.21  шаг  5.70 с  У каждой модели своя роль: планировать, писать код или обновлять документацию.
   26.93– 30.44  шаг  4.22 с  В его чате видны ветка, контекст и стоимость работы.
   31.16– 34.84  шаг  4.40 с  Воркер присылает список изменённых файлов и результат тестов.
   35.56– 39.34  шаг  4.51 с  Оркестратор сам проверяет изменения и запускает весь набор тестов.
   40.06– 45.16  шаг  5.82 с  После проверки он объединяет изменения одним коммитом на задачу. Код не выкачен.
   45.88– 47.69  шаг  2.53 с  Доска задач обновляется сама.
   48.41– 52.27  шаг  4.58 с  Нажмите на панель квот, чтобы увидеть лимиты Клода и Кодекса.
   52.99– 57.05  шаг  4.77 с  История показывает, как быстро расходуются квоты от недели к неделе.
   57.77– 61.62  шаг  4.57 с  Аналитика показывает стоимость по дням и расходы Клода и Кодекса.
   62.34– 66.16  шаг  4.54 с  Выберите период или посмотрите расходы каждого агента и модели.
   66.88– 70.57  шаг  4.41 с  Шлюз задерживает запуск новых воркеров до исчерпания лимита.
   71.29– 75.25  шаг  4.68 с  Рискованные действия, например возврат денег, ждут вашего разрешения.
   75.97– 80.97  шаг  7.78 с  Оркестра — открытый код на вашем сервере, работающий с уже подключёнными подписками.
длина ролика 85.5 с
/home/kesha/readme-stand-V690/render/voices/orchestra-tour-contact.png
/home/kesha/readme-stand-V690/render/voices/orchestra-tour.mp4 9.5 МБ
  recall 1.00  сдвиг слова 0.28  звука 0.03  Это Оркестра: одна панель управления командой агентов искусственного интеллекта для вашего репозитория.
      слышно: это оркестра одна панель управления командой агентов искусственного интеллекта для вашего репозитория
  recall 1.00  сдвиг слова 0.02  звука 0.03  Вы описываете задачу оркестратору обычными словами.
      слышно: вы описываете задачу оркестратору обычными словами
  recall 1.00  сдвиг слова -0.12  звука 0.03  Он изучает код, находит причину и делит работу на параллельные направления.
      слышно: он изучает код находит причину и делит работу на параллельные направления
  recall 1.00  сдвиг слова 0.08  звука 0.03  Каждый воркер работает в своей ветке, поэтому изменения не конфликтуют.
      слышно: каждый воркер работает в своей ветке поэтому изменения не конфликтуют
  recall 1.00  сдвиг слова -0.06  звука 0.03  У каждой модели своя роль: планировать, писать код или обновлять документацию.
      слышно: у каждой модели своя роль планировать писать код или обновлять документацию
  recall 1.00  сдвиг слова -0.06  звука 0.03  В его чате видны ветка, контекст и стоимость работы.
      слышно: в его чате видны ветка контекст и стоимость работы
  recall 1.00  сдвиг слова 0.11  звука 0.03  Воркер присылает список изменённых файлов и результат тестов.
      слышно: воркер присылает список измененных файлов и результат тестов
  recall 0.89  сдвиг слова None  звука 0.03  Оркестратор сам проверяет изменения и запускает весь набор тестов.
      слышно: сам проверяет изменения и запускает весь набор тестов
  recall 1.00  сдвиг слова -0.04  звука 0.02  После проверки он объединяет изменения одним коммитом на задачу. Код не выкачен.
      слышно: после проверки он объединяет изменения одним коммитом на задачу код не выкачан
  recall 1.00  сдвиг слова -0.01  звука 0.03  Доска задач обновляется сама.
      слышно: доска задач обновляется сама
  recall 1.00  сдвиг слова 0.01  звука 0.03  Нажмите на панель квот, чтобы увидеть лимиты Клода и Кодекса.
      слышно: нажмите на панель квот чтобы увидеть лимиты клода и кодекса
  recall 1.00  сдвиг слова 0.03  звука 0.03  История показывает, как быстро расходуются квоты от недели к неделе.
      слышно: история показывает как быстро расходуются квоты от недели к неделе
  recall 1.00  сдвиг слова -0.75  звука 0.03  Аналитика показывает стоимость по дням и расходы Клода и Кодекса.
      слышно: аналитика показывает стоимость по дням и расходы клода кодекса
  recall 1.00  сдвиг слова 0.04  звука 0.02  Выберите период или посмотрите расходы каждого агента и модели.
      слышно: выберите период или посмотрите расходы каждого агента и модели
  recall 1.00  сдвиг слова -0.03  звука 0.02  Шлюз задерживает запуск новых воркеров до исчерпания лимита.
      слышно: шлюз задерживает запуск новых воркеров до исчерпания лимита
  recall 1.00  сдвиг слова 0.04  звука 0.03  Рискованные действия, например возврат денег, ждут вашего разрешения.
      слышно: рискованные действия например возврат денег ждут вашего разрешения
  recall 0.91  сдвиг слова 0.03  звука 0.03  Оркестра — открытый код на вашем сервере, работающий с уже подключёнными подписками.
      слышно: открытый код на вашем сервере работающий с уже подключенными подписками
минимальная дословность 0.89, наибольший сдвиг: первого слова 0.75 с, начала звука 0.03 с
Deepgram min recall=0.89 onset max=0.03 s
orchestra-tour-voskspeaker0-female_0 telegram=9469529 github=5266690 crf=27
синтез 2 фраз (загрузка модели ~2 мин)…
tts: /home/kesha/readme-stand-V690/render/voices/.tts-cache/9ceac8947969e680.raw.wav
tts: /home/kesha/readme-stand-V690/render/voices/.tts-cache/6d988021accf561b.raw.wav
    0.28–  4.90  шаг  5.34 с  Это Оркестра: одна панель управления командой агентов искусственного интеллекта для вашего репозитория.
    5.62–  7.99  шаг  3.09 с  Вы описываете задачу оркестратору обычными словами.
    8.71– 12.15  шаг  4.16 с  Он изучает код, находит причину и делит работу на параллельные направления.
   12.87– 16.11  шаг  3.96 с  Каждый воркер работает в своей ветке, поэтому изменения не конфликтуют.
   16.83– 20.66  шаг  4.55 с  У каждой модели своя роль: планировать, писать код или обновлять документацию.
   21.38– 23.99  шаг  3.33 с  В его чате видны ветка, контекст и стоимость работы.
   24.71– 27.38  шаг  3.39 с  Воркер присылает список изменённых файлов и результат тестов.
   28.10– 31.07  шаг  3.69 с  Оркестратор сам проверяет изменения и запускает весь набор тестов.
   31.79– 35.61  шаг  4.54 с  После проверки он объединяет изменения одним коммитом на задачу. Код не выкачен.
   36.33– 37.74  шаг  2.12 с  Доска задач обновляется сама.
   38.46– 41.29  шаг  3.55 с  Нажмите на панель квот, чтобы увидеть лимиты Клода и Кодекса.
   42.01– 44.99  шаг  3.70 с  История показывает, как быстро расходуются квоты от недели к неделе.
   45.71– 48.65  шаг  3.66 с  Аналитика показывает стоимость по дням и расходы Клода и Кодекса.
   49.37– 52.30  шаг  3.65 с  Выберите период или посмотрите расходы каждого агента и модели.
   53.02– 55.78  шаг  3.48 с  Шлюз задерживает запуск новых воркеров до исчерпания лимита.
   56.50– 59.72  шаг  3.94 с  Рискованные действия, например возврат денег, ждут вашего разрешения.
   60.44– 64.28  шаг  6.62 с  Оркестра — открытый код на вашем сервере, работающий с уже подключёнными подписками.
длина ролика 68.8 с
/home/kesha/readme-stand-V690/render/voices/orchestra-tour-contact.png
/home/kesha/readme-stand-V690/render/voices/orchestra-tour.mp4 9.0 МБ
  recall 1.00  сдвиг слова -0.04  звука 0.0  Это Оркестра: одна панель управления командой агентов искусственного интеллекта для вашего репозитория.
      слышно: это оркестра одна панель управления командой агентов искусственного интеллекта для вашего репозитория
  recall 1.00  сдвиг слова -0.1  звука 0.0  Вы описываете задачу оркестратору обычными словами.
      слышно: вы описываете задачу оркестратору обычными словами
  recall 1.00  сдвиг слова -0.15  звука 0.0  Он изучает код, находит причину и делит работу на параллельные направления.
      слышно: он изучает код находит причину и делит работу на параллельные направления
  recall 0.90  сдвиг слова -0.13  звука -0.0  Каждый воркер работает в своей ветке, поэтому изменения не конфликтуют.
      слышно: каждый работает в своей ветке поэтому изменения не конфликтуют
  recall 1.00  сдвиг слова -0.49  звука 0.0  У каждой модели своя роль: планировать, писать код или обновлять документацию.
      слышно: у каждой модели своя роль планировать писать код или обновлять документацию
  recall 1.00  сдвиг слова -0.0  звука 0.0  В его чате видны ветка, контекст и стоимость работы.
      слышно: в его чате видны ветка контекст и стоимость работы
  recall 1.00  сдвиг слова -0.12  звука 0.0  Воркер присылает список изменённых файлов и результат тестов.
      слышно: воркер присылает список измененных файлов и результат тестов
  recall 1.00  сдвиг слова 0.01  звука 0.0  Оркестратор сам проверяет изменения и запускает весь набор тестов.
      слышно: оркестратор сам проверяет изменения и запускает весь набор тестов
  recall 1.00  сдвиг слова -0.0  звука 0.0  После проверки он объединяет изменения одним коммитом на задачу. Код не выкачен.
      слышно: после проверки он объединяет изменения одним коммитом на задачу код не выкачан
  recall 1.00  сдвиг слова 0.18  звука 0.0  Доска задач обновляется сама.
      слышно: доска задач обновляется сама
  recall 1.00  сдвиг слова -0.13  звука 0.0  Нажмите на панель квот, чтобы увидеть лимиты Клода и Кодекса.
      слышно: нажмите на панель квот чтобы увидеть лимиты клода и кодекса
  recall 1.00  сдвиг слова 0.08  звука 0.0  История показывает, как быстро расходуются квоты от недели к неделе.
      слышно: история показывает как быстро расходуются квоты от недели к неделе
  recall 1.00  сдвиг слова -0.03  звука 0.0  Аналитика показывает стоимость по дням и расходы Клода и Кодекса.
      слышно: аналитика показывает стоимость по дням и расходы клода кодекса
  recall 1.00  сдвиг слова -0.0  звука 0.0  Выберите период или посмотрите расходы каждого агента и модели.
      слышно: выберите период или посмотрите расходы каждого агента и модели
  recall 1.00  сдвиг слова -0.13  звука 0.0  Шлюз задерживает запуск новых воркеров до исчерпания лимита.
      слышно: шлюз задерживает запуск новых воркеров до исчерпания лимита
  recall 1.00  сдвиг слова -0.01  звука 0.0  Рискованные действия, например возврат денег, ждут вашего разрешения.
      слышно: рискованные действия например возврат денег ждут вашего разрешения
  recall 0.91  сдвиг слова -0.03  звука 0.0  Оркестра — открытый код на вашем сервере, работающий с уже подключёнными подписками.
      слышно: открытый код на вашем сервере работающий с уже подключенными подписками
минимальная дословность 0.9, наибольший сдвиг: первого слова 0.49 с, начала звука 0.0 с
Deepgram min recall=0.9 onset max=0.0 s
orchestra-tour-voskspeaker1-female_1 telegram=8962260 github=4834901 crf=27
синтез 17 фраз (загрузка модели ~2 мин)…
tts: /home/kesha/readme-stand-V690/render/voices/.tts-cache/10e2a97b0774fb6a.raw.wav
tts: /home/kesha/readme-stand-V690/render/voices/.tts-cache/e377f30f29b270af.raw.wav
tts: /home/kesha/readme-stand-V690/render/voices/.tts-cache/5597b3a53fc31f75.raw.wav
tts: /home/kesha/readme-stand-V690/render/voices/.tts-cache/0159ffb852149b7f.raw.wav
tts: /home/kesha/readme-stand-V690/render/voices/.tts-cache/ba15b83f07b5299c.raw.wav
tts: /home/kesha/readme-stand-V690/render/voices/.tts-cache/abda7352ee10946b.raw.wav
tts: /home/kesha/readme-stand-V690/render/voices/.tts-cache/6870ffd9658b5cb7.raw.wav
tts: /home/kesha/readme-stand-V690/render/voices/.tts-cache/31a1619f6046d294.raw.wav
tts: /home/kesha/readme-stand-V690/render/voices/.tts-cache/90ad57bef2181d73.raw.wav
tts: /home/kesha/readme-stand-V690/render/voices/.tts-cache/0f42b17075f02868.raw.wav
tts: /home/kesha/readme-stand-V690/render/voices/.tts-cache/1d53f233c8c4cb7d.raw.wav
tts: /home/kesha/readme-stand-V690/render/voices/.tts-cache/9ebf4f7465e8539d.raw.wav
tts: /home/kesha/readme-stand-V690/render/voices/.tts-cache/d8f26737573f1287.raw.wav
tts: /home/kesha/readme-stand-V690/render/voices/.tts-cache/75371f0b8fc98a49.raw.wav
tts: /home/kesha/readme-stand-V690/render/voices/.tts-cache/ef120300c9fadeb7.raw.wav
tts: /home/kesha/readme-stand-V690/render/voices/.tts-cache/98f34708d4188e32.raw.wav
tts: /home/kesha/readme-stand-V690/render/voices/.tts-cache/eb0f380d0fd66ad4.raw.wav
    0.28–  5.84  шаг  6.28 с  Это Оркестра: одна панель управления командой агентов искусственного интеллекта для вашего репозитория.
    6.56–  9.13  шаг  3.28 с  Вы описываете задачу оркестратору обычными словами.
    9.85– 13.51  шаг  4.38 с  Он изучает код, находит причину и делит работу на параллельные направления.
   14.23– 17.87  шаг  4.36 с  Каждый воркер работает в своей ветке, поэтому изменения не конфликтуют.
   18.59– 22.54  шаг  4.67 с  У каждой модели своя роль: планировать, писать код или обновлять документацию.
   23.26– 26.06  шаг  3.52 с  В его чате видны ветка, контекст и стоимость работы.
   26.78– 29.76  шаг  3.70 с  Воркер присылает список изменённых файлов и результат тестов.
   30.48– 33.86  шаг  4.10 с  Оркестратор сам проверяет изменения и запускает весь набор тестов.
   34.58– 38.96  шаг  5.10 с  После проверки он объединяет изменения одним коммитом на задачу. Код не выкачен.
   39.68– 41.26  шаг  2.30 с  Доска задач обновляется сама.
   41.98– 45.03  шаг  3.77 с  Нажмите на панель квот, чтобы увидеть лимиты Клода и Кодекса.
   45.76– 49.20  шаг  4.16 с  История показывает, как быстро расходуются квоты от недели к неделе.
   49.92– 53.25  шаг  4.05 с  Аналитика показывает стоимость по дням и расходы Клода и Кодекса.
   53.97– 57.38  шаг  4.13 с  Выберите период или посмотрите расходы каждого агента и модели.
   58.10– 61.26  шаг  3.88 с  Шлюз задерживает запуск новых воркеров до исчерпания лимита.
   61.98– 65.53  шаг  4.27 с  Рискованные действия, например возврат денег, ждут вашего разрешения.
   66.25– 70.34  шаг  6.87 с  Оркестра — открытый код на вашем сервере, работающий с уже подключёнными подписками.
длина ролика 74.8 с
/home/kesha/readme-stand-V690/render/voices/orchestra-tour-contact.png
/home/kesha/readme-stand-V690/render/voices/orchestra-tour.mp4 9.1 МБ
  recall 0.92  сдвиг слова 0.2  звука 0.03  Это Оркестра: одна панель управления командой агентов искусственного интеллекта для вашего репозитория.
      слышно: это одна панель управления командой агентов искусственного интеллекта для вашего репозитория
  recall 1.00  сдвиг слова -0.08  звука 0.02  Вы описываете задачу оркестратору обычными словами.
      слышно: вы описываете задачу оркестратору обычными словами
  recall 1.00  сдвиг слова -0.01  звука 0.03  Он изучает код, находит причину и делит работу на параллельные направления.
      слышно: он изучает код находит причину и делит работу на параллельные направления
  recall 0.80  сдвиг слова -0.12  звука 0.03  Каждый воркер работает в своей ветке, поэтому изменения не конфликтуют.
      слышно: каждый работает своей ветке поэтому изменения не конфликтуют
  recall 1.00  сдвиг слова 0.01  звука 0.03  У каждой модели своя роль: планировать, писать код или обновлять документацию.
      слышно: у каждой модели своя роль планировать писать код или обновлять документацию
  recall 1.00  сдвиг слова -0.03  звука 0.03  В его чате видны ветка, контекст и стоимость работы.
      слышно: в его чате видны ветка контекст и стоимость работы
  recall 1.00  сдвиг слова 0.02  звука 0.03  Воркер присылает список изменённых файлов и результат тестов.
      слышно: воркер присылает список измененных файлов и результат тестов
  recall 1.00  сдвиг слова -0.0  звука 0.03  Оркестратор сам проверяет изменения и запускает весь набор тестов.
      слышно: оркестратор сам проверяет изменения и запускает весь набор тестов
  recall 1.00  сдвиг слова 0.06  звука 0.03  После проверки он объединяет изменения одним коммитом на задачу. Код не выкачен.
      слышно: после проверки он объединяет изменения одним коммитом на задачу код не выкачан
  recall 1.00  сдвиг слова 0.04  звука 0.03  Доска задач обновляется сама.
      слышно: доска задач обновляется сама
  recall 1.00  сдвиг слова -0.02  звука 0.03  Нажмите на панель квот, чтобы увидеть лимиты Клода и Кодекса.
      слышно: нажмите на панель квот чтобы увидеть лимиты клода и кодекса
  recall 1.00  сдвиг слова -0.04  звука 0.03  История показывает, как быстро расходуются квоты от недели к неделе.
      слышно: история показывает как быстро расходуются квоты от недели к неделе
  recall 1.00  сдвиг слова -0.04  звука 0.03  Аналитика показывает стоимость по дням и расходы Клода и Кодекса.
      слышно: аналитика показывает стоимость по дням и расходы клода кодекса
  recall 1.00  сдвиг слова -0.07  звука 0.03  Выберите период или посмотрите расходы каждого агента и модели.
      слышно: выберите период или посмотрите расходы каждого агента и модели
  recall 1.00  сдвиг слова -0.04  звука 0.02  Шлюз задерживает запуск новых воркеров до исчерпания лимита.
      слышно: шлюз задерживает запуск новых воркеров до исчерпания лимита
  recall 1.00  сдвиг слова -0.0  звука 0.03  Рискованные действия, например возврат денег, ждут вашего разрешения.
      слышно: рискованные действия например возврат денег ждут вашего разрешения
  recall 1.00  сдвиг слова -0.03  звука 0.03  Оркестра — открытый код на вашем сервере, работающий с уже подключёнными подписками.
      слышно: оркестра открытый код на вашем сервере работающий с уже подключенными подписками
минимальная дословность 0.8, наибольший сдвиг: первого слова 0.2 с, начала звука 0.03 с
Deepgram min recall=0.8 onset max=0.03 s
Deepgram voice check below acceptance threshold
