синтез 1 фраз (загрузка модели ~2 мин)…
tts: /home/kesha/readme-stand-V690/render/voices/.tts-cache/a941f9fce3967f1d.raw.wav
    0.28–  6.62  шаг  7.06 с  Это Оркестра: одна панель управления командой агентов искусственного интеллекта для вашего репозитория.
    7.34– 10.28  шаг  3.66 с  Вы описываете задачу оркестратору обычными словами.
   11.00– 15.65  шаг  5.38 с  Он изучает код, находит причину и делит работу на параллельные направления.
   16.37– 20.13  шаг  4.48 с  У каждого агента своя ветка, поэтому изменения не конфликтуют.
   20.85– 25.82  шаг  5.70 с  У каждой модели своя роль: планировать, писать код или обновлять документацию.
   26.55– 30.05  шаг  4.22 с  В его чате видны ветка, контекст и стоимость работы.
   30.77– 34.45  шаг  4.40 с  Воркер присылает список изменённых файлов и результат тестов.
   35.17– 38.95  шаг  4.51 с  Оркестратор сам проверяет изменения и запускает весь набор тестов.
   39.67– 44.77  шаг  5.82 с  После проверки он объединяет изменения одним коммитом на задачу. Код не выкачен.
   45.49– 47.30  шаг  2.53 с  Доска задач обновляется сама.
   48.02– 51.88  шаг  4.58 с  Нажмите на панель квот, чтобы увидеть лимиты Клода и Кодекса.
   52.60– 56.66  шаг  4.77 с  История показывает, как быстро расходуются квоты от недели к неделе.
   57.38– 61.23  шаг  4.57 с  Аналитика показывает стоимость по дням и расходы Клода и Кодекса.
   61.95– 65.77  шаг  4.54 с  Выберите период или посмотрите расходы каждого агента и модели.
   66.49– 70.18  шаг  4.41 с  Шлюз задерживает запуск новых воркеров до исчерпания лимита.
   70.90– 74.86  шаг  4.68 с  Рискованные действия, например возврат денег, ждут вашего разрешения.
   75.58– 80.58  шаг  7.78 с  Оркестра — открытый код на вашем сервере, работающий с уже подключёнными подписками.
длина ролика 85.1 с
/home/kesha/readme-stand-V690/render/voices/orchestra-tour-contact.png
/home/kesha/readme-stand-V690/render/voices/orchestra-tour.mp4 9.6 МБ
  recall 1.00  сдвиг слова 0.28  звука 0.03  Это Оркестра: одна панель управления командой агентов искусственного интеллекта для вашего репозитория.
      слышно: это оркестра одна панель управления командой агентов искусственного интеллекта для вашего репозитория
  recall 1.00  сдвиг слова 0.02  звука 0.03  Вы описываете задачу оркестратору обычными словами.
      слышно: вы описываете задачу оркестратору обычными словами
  recall 1.00  сдвиг слова -0.12  звука 0.03  Он изучает код, находит причину и делит работу на параллельные направления.
      слышно: он изучает код находит причину и делит работу на параллельные направления
  recall 1.00  сдвиг слова -0.08  звука 0.02  У каждого агента своя ветка, поэтому изменения не конфликтуют.
      слышно: у каждого агента своя ветка поэтому изменения не конфликтуют
  recall 1.00  сдвиг слова -0.07  звука 0.03  У каждой модели своя роль: планировать, писать код или обновлять документацию.
      слышно: у каждой модели своя роль планировать писать код или обновлять документацию
  recall 1.00  сдвиг слова -0.07  звука 0.03  В его чате видны ветка, контекст и стоимость работы.
      слышно: в его чате видны ветка контекст и стоимость работы
  recall 1.00  сдвиг слова 0.11  звука 0.03  Воркер присылает список изменённых файлов и результат тестов.
      слышно: воркер присылает список измененных файлов и результат тестов
  recall 0.89  сдвиг слова None  звука 0.03  Оркестратор сам проверяет изменения и запускает весь набор тестов.
      слышно: сам проверяет изменения и запускает весь набор тестов
  recall 1.00  сдвиг слова -0.04  звука 0.02  После проверки он объединяет изменения одним коммитом на задачу. Код не выкачен.
      слышно: после проверки он объединяет изменения одним коммитом на задачу код не выкачан
  recall 1.00  сдвиг слова -0.01  звука 0.03  Доска задач обновляется сама.
      слышно: доска задач обновляется сама
  recall 1.00  сдвиг слова 0.01  звука 0.03  Нажмите на панель квот, чтобы увидеть лимиты Клода и Кодекса.
      слышно: нажмите на панель квот чтобы увидеть лимиты клода и кодекса
  recall 1.00  сдвиг слова 0.03  звука 0.03  История показывает, как быстро расходуются квоты от недели к неделе.
      слышно: история показывает как быстро расходуются квоты от недели к неделе
  recall 1.00  сдвиг слова -0.75  звука 0.03  Аналитика показывает стоимость по дням и расходы Клода и Кодекса.
      слышно: аналитика показывает стоимость по дням и расходы клода кодекса
  recall 1.00  сдвиг слова 0.04  звука 0.02  Выберите период или посмотрите расходы каждого агента и модели.
      слышно: выберите период или посмотрите расходы каждого агента и модели
  recall 1.00  сдвиг слова -0.04  звука 0.02  Шлюз задерживает запуск новых воркеров до исчерпания лимита.
      слышно: шлюз задерживает запуск новых воркеров до исчерпания лимита
  recall 1.00  сдвиг слова 0.03  звука 0.03  Рискованные действия, например возврат денег, ждут вашего разрешения.
      слышно: рискованные действия например возврат денег ждут вашего разрешения
  recall 0.91  сдвиг слова 0.03  звука 0.03  Оркестра — открытый код на вашем сервере, работающий с уже подключёнными подписками.
      слышно: открытый код на вашем сервере работающий с уже подключенными подписками
минимальная дословность 0.89, наибольший сдвиг: первого слова 0.75 с, начала звука 0.03 с
Deepgram min recall=0.89 onset max=0.03 s
orchestra-tour-voskspeaker0-female_0 telegram=9584134 github=5276966 crf=27
синтез 1 фраз (загрузка модели ~2 мин)…
tts: /home/kesha/readme-stand-V690/render/voices/.tts-cache/2b3fb7c23c48c6a8.raw.wav
    0.28–  4.90  шаг  5.34 с  Это Оркестра: одна панель управления командой агентов искусственного интеллекта для вашего репозитория.
    5.62–  7.99  шаг  3.09 с  Вы описываете задачу оркестратору обычными словами.
    8.71– 12.15  шаг  4.16 с  Он изучает код, находит причину и делит работу на параллельные направления.
   12.87– 15.80  шаг  3.66 с  У каждого агента своя ветка, поэтому изменения не конфликтуют.
   16.52– 20.36  шаг  4.55 с  У каждой модели своя роль: планировать, писать код или обновлять документацию.
   21.07– 23.69  шаг  3.33 с  В его чате видны ветка, контекст и стоимость работы.
   24.41– 27.08  шаг  3.39 с  Воркер присылает список изменённых файлов и результат тестов.
   27.80– 30.77  шаг  3.69 с  Оркестратор сам проверяет изменения и запускает весь набор тестов.
   31.49– 35.31  шаг  4.54 с  После проверки он объединяет изменения одним коммитом на задачу. Код не выкачен.
   36.03– 37.43  шаг  2.12 с  Доска задач обновляется сама.
   38.15– 40.99  шаг  3.55 с  Нажмите на панель квот, чтобы увидеть лимиты Клода и Кодекса.
   41.71– 44.69  шаг  3.70 с  История показывает, как быстро расходуются квоты от недели к неделе.
   45.41– 48.35  шаг  3.66 с  Аналитика показывает стоимость по дням и расходы Клода и Кодекса.
   49.07– 51.99  шаг  3.65 с  Выберите период или посмотрите расходы каждого агента и модели.
   52.71– 55.48  шаг  3.48 с  Шлюз задерживает запуск новых воркеров до исчерпания лимита.
   56.20– 59.41  шаг  3.94 с  Рискованные действия, например возврат денег, ждут вашего разрешения.
   60.13– 63.98  шаг  6.62 с  Оркестра — открытый код на вашем сервере, работающий с уже подключёнными подписками.
длина ролика 68.5 с
/home/kesha/readme-stand-V690/render/voices/orchestra-tour-contact.png
/home/kesha/readme-stand-V690/render/voices/orchestra-tour.mp4 9.0 МБ
  recall 1.00  сдвиг слова -0.04  звука 0.0  Это Оркестра: одна панель управления командой агентов искусственного интеллекта для вашего репозитория.
      слышно: это оркестра одна панель управления командой агентов искусственного интеллекта для вашего репозитория
  recall 1.00  сдвиг слова -0.1  звука 0.0  Вы описываете задачу оркестратору обычными словами.
      слышно: вы описываете задачу оркестратору обычными словами
  recall 1.00  сдвиг слова -0.15  звука 0.0  Он изучает код, находит причину и делит работу на параллельные направления.
      слышно: он изучает код находит причину и делит работу на параллельные направления
  recall 1.00  сдвиг слова -0.13  звука 0.0  У каждого агента своя ветка, поэтому изменения не конфликтуют.
      слышно: у каждого агента своя ветка поэтому изменения не конфликтуют
  recall 1.00  сдвиг слова -0.03  звука 0.0  У каждой модели своя роль: планировать, писать код или обновлять документацию.
      слышно: у каждой модели своя роль планировать писать код или обновлять документацию
  recall 1.00  сдвиг слова -0.02  звука 0.0  В его чате видны ветка, контекст и стоимость работы.
      слышно: в его чате видны ветка контекст и стоимость работы
  recall 1.00  сдвиг слова 0.01  звука 0.0  Воркер присылает список изменённых файлов и результат тестов.
      слышно: воркер присылает список измененных файлов и результат тестов
  recall 1.00  сдвиг слова -0.06  звука 0.0  Оркестратор сам проверяет изменения и запускает весь набор тестов.
      слышно: оркестратор сам проверяет изменения и запускает весь набор тестов
  recall 1.00  сдвиг слова 0.01  звука 0.0  После проверки он объединяет изменения одним коммитом на задачу. Код не выкачен.
      слышно: после проверки он объединяет изменения одним коммитом на задачу код не выкачан
  recall 1.00  сдвиг слова 0.03  звука 0.0  Доска задач обновляется сама.
      слышно: доска задач обновляется сама
  recall 0.90  сдвиг слова -0.01  звука 0.0  Нажмите на панель квот, чтобы увидеть лимиты Клода и Кодекса.
      слышно: нажмите на панель квот чтобы увидеть лимиты и кодекса
  recall 1.00  сдвиг слова 0.02  звука 0.0  История показывает, как быстро расходуются квоты от недели к неделе.
      слышно: история показывает как быстро расходуются квоты от недели к неделе
  recall 1.00  сдвиг слова -0.01  звука 0.0  Аналитика показывает стоимость по дням и расходы Клода и Кодекса.
      слышно: аналитика показывает стоимость по дням и расходы клода кодекса
  recall 1.00  сдвиг слова -0.06  звука 0.0  Выберите период или посмотрите расходы каждого агента и модели.
      слышно: выберите период или посмотрите расходы каждого агента и модели
  recall 1.00  сдвиг слова -0.11  звука 0.0  Шлюз задерживает запуск новых воркеров до исчерпания лимита.
      слышно: шлюз задерживает запуск новых воркеров до исчерпания лимита
  recall 1.00  сдвиг слова -0.05  звука 0.0  Рискованные действия, например возврат денег, ждут вашего разрешения.
      слышно: рискованные действия например возврат денег ждут вашего разрешения
  recall 0.91  сдвиг слова -0.06  звука 0.0  Оркестра — открытый код на вашем сервере, работающий с уже подключёнными подписками.
      слышно: открытый код на вашем сервере работающий с уже подключенными подписками
минимальная дословность 0.9, наибольший сдвиг: первого слова 0.15 с, начала звука 0.0 с
Deepgram min recall=0.9 onset max=0.0 s
orchestra-tour-voskspeaker1-female_1 telegram=8963250 github=4827598 crf=27
синтез 1 фраз (загрузка модели ~2 мин)…
tts: /home/kesha/readme-stand-V690/render/voices/.tts-cache/1eaaa795f028f3fa.raw.wav
    0.28–  5.84  шаг  6.28 с  Это Оркестра: одна панель управления командой агентов искусственного интеллекта для вашего репозитория.
    6.56–  9.13  шаг  3.28 с  Вы описываете задачу оркестратору обычными словами.
    9.85– 13.51  шаг  4.38 с  Он изучает код, находит причину и делит работу на параллельные направления.
   14.23– 17.48  шаг  3.96 с  У каждого агента своя ветка, поэтому изменения не конфликтуют.
   18.20– 22.15  шаг  4.67 с  У каждой модели своя роль: планировать, писать код или обновлять документацию.
   22.87– 25.67  шаг  3.52 с  В его чате видны ветка, контекст и стоимость работы.
   26.39– 29.37  шаг  3.70 с  Воркер присылает список изменённых файлов и результат тестов.
   30.09– 33.47  шаг  4.10 с  Оркестратор сам проверяет изменения и запускает весь набор тестов.
   34.19– 38.56  шаг  5.10 с  После проверки он объединяет изменения одним коммитом на задачу. Код не выкачен.
   39.28– 40.87  шаг  2.30 с  Доска задач обновляется сама.
   41.59– 44.64  шаг  3.77 с  Нажмите на панель квот, чтобы увидеть лимиты Клода и Кодекса.
   45.36– 48.80  шаг  4.16 с  История показывает, как быстро расходуются квоты от недели к неделе.
   49.52– 52.86  шаг  4.05 с  Аналитика показывает стоимость по дням и расходы Клода и Кодекса.
   53.58– 56.98  шаг  4.13 с  Выберите период или посмотрите расходы каждого агента и модели.
   57.70– 60.87  шаг  3.88 с  Шлюз задерживает запуск новых воркеров до исчерпания лимита.
   61.59– 65.14  шаг  4.27 с  Рискованные действия, например возврат денег, ждут вашего разрешения.
   65.86– 69.95  шаг  6.87 с  Оркестра — открытый код на вашем сервере, работающий с уже подключёнными подписками.
длина ролика 74.4 с
/home/kesha/readme-stand-V690/render/voices/orchestra-tour-contact.png
/home/kesha/readme-stand-V690/render/voices/orchestra-tour.mp4 9.0 МБ
  recall 0.92  сдвиг слова 0.2  звука 0.03  Это Оркестра: одна панель управления командой агентов искусственного интеллекта для вашего репозитория.
      слышно: это одна панель управления командой агентов искусственного интеллекта для вашего репозитория
  recall 1.00  сдвиг слова -0.08  звука 0.02  Вы описываете задачу оркестратору обычными словами.
      слышно: вы описываете задачу оркестратору обычными словами
  recall 1.00  сдвиг слова -0.01  звука 0.03  Он изучает код, находит причину и делит работу на параллельные направления.
      слышно: он изучает код находит причину и делит работу на параллельные направления
  recall 1.00  сдвиг слова -0.04  звука 0.02  У каждого агента своя ветка, поэтому изменения не конфликтуют.
      слышно: у каждого агента своя ветка поэтому изменения не конфликтуют
  recall 1.00  сдвиг слова 0.0  звука 0.03  У каждой модели своя роль: планировать, писать код или обновлять документацию.
      слышно: у каждой модели своя роль планировать писать код или обновлять документацию
  recall 1.00  сдвиг слова -0.04  звука 0.03  В его чате видны ветка, контекст и стоимость работы.
      слышно: в его чате видны ветка контекст и стоимость работы
  recall 1.00  сдвиг слова -0.02  звука 0.03  Воркер присылает список изменённых файлов и результат тестов.
      слышно: воркер присылает список измененных файлов и результат тестов
  recall 1.00  сдвиг слова -0.04  звука 0.03  Оркестратор сам проверяет изменения и запускает весь набор тестов.
      слышно: оркестратор сам проверяет изменения и запускает весь набор тестов
  recall 1.00  сдвиг слова 0.02  звука 0.03  После проверки он объединяет изменения одним коммитом на задачу. Код не выкачен.
      слышно: после проверки он объединяет изменения одним коммитом на задачу код не выкачан
  recall 1.00  сдвиг слова 0.01  звука 0.03  Доска задач обновляется сама.
      слышно: доска задач обновляется сама
  recall 1.00  сдвиг слова -0.05  звука 0.02  Нажмите на панель квот, чтобы увидеть лимиты Клода и Кодекса.
      слышно: нажмите на панель квот чтобы увидеть лимиты клода и кодекса
  recall 1.00  сдвиг слова -0.07  звука 0.03  История показывает, как быстро расходуются квоты от недели к неделе.
      слышно: история показывает как быстро расходуются квоты от недели к неделе
  recall 1.00  сдвиг слова -0.07  звука 0.03  Аналитика показывает стоимость по дням и расходы Клода и Кодекса.
      слышно: аналитика показывает стоимость по дням и расходы клода кодекса
  recall 1.00  сдвиг слова -0.07  звука 0.03  Выберите период или посмотрите расходы каждого агента и модели.
      слышно: выберите период или посмотрите расходы каждого агента и модели
  recall 1.00  сдвиг слова -0.03  звука 0.02  Шлюз задерживает запуск новых воркеров до исчерпания лимита.
      слышно: шлюз задерживает запуск новых воркеров до исчерпания лимита
  recall 1.00  сдвиг слова 0.0  звука 0.03  Рискованные действия, например возврат денег, ждут вашего разрешения.
      слышно: рискованные действия например возврат денег ждут вашего разрешения
  recall 1.00  сдвиг слова -0.04  звука 0.03  Оркестра — открытый код на вашем сервере, работающий с уже подключёнными подписками.
      слышно: оркестра открытый код на вашем сервере работающий с уже подключенными подписками
минимальная дословность 0.92, наибольший сдвиг: первого слова 0.2 с, начала звука 0.03 с
Deepgram min recall=0.92 onset max=0.03 s
orchestra-tour-voskspeaker3-male_0 telegram=9047132 github=4951521 crf=27
синтез 17 фраз (загрузка модели ~2 мин)…
tts: /home/kesha/readme-stand-V690/render/voices/.tts-cache/40f6695c4c4deadc.raw.wav
tts: /home/kesha/readme-stand-V690/render/voices/.tts-cache/03f3ff9bbd500071.raw.wav
tts: /home/kesha/readme-stand-V690/render/voices/.tts-cache/c004405520364f0b.raw.wav
tts: /home/kesha/readme-stand-V690/render/voices/.tts-cache/254df772bfeac6a8.raw.wav
tts: /home/kesha/readme-stand-V690/render/voices/.tts-cache/16a51882ee8597ba.raw.wav
tts: /home/kesha/readme-stand-V690/render/voices/.tts-cache/d13617c6c5f864a9.raw.wav
tts: /home/kesha/readme-stand-V690/render/voices/.tts-cache/52ca969b13ba32a9.raw.wav
tts: /home/kesha/readme-stand-V690/render/voices/.tts-cache/2978760c0e1446c0.raw.wav
tts: /home/kesha/readme-stand-V690/render/voices/.tts-cache/29246ac2f6a74070.raw.wav
tts: /home/kesha/readme-stand-V690/render/voices/.tts-cache/dc2bfddfdf5b29b3.raw.wav
tts: /home/kesha/readme-stand-V690/render/voices/.tts-cache/e26b586a6b81da37.raw.wav
tts: /home/kesha/readme-stand-V690/render/voices/.tts-cache/30ee1e5f46adbc85.raw.wav
tts: /home/kesha/readme-stand-V690/render/voices/.tts-cache/68db9621715a6e0e.raw.wav
tts: /home/kesha/readme-stand-V690/render/voices/.tts-cache/ca86bb2e8a4aff0b.raw.wav
tts: /home/kesha/readme-stand-V690/render/voices/.tts-cache/afeb2cda9694207f.raw.wav
tts: /home/kesha/readme-stand-V690/render/voices/.tts-cache/43d9ec5c6db11792.raw.wav
tts: /home/kesha/readme-stand-V690/render/voices/.tts-cache/c444ccceb1d0d88d.raw.wav
    0.28–  5.24  шаг  5.68 с  Это Оркестра: одна панель управления командой агентов искусственного интеллекта для вашего репозитория.
    5.96–  8.37  шаг  3.13 с  Вы описываете задачу оркестратору обычными словами.
    9.09– 12.49  шаг  4.12 с  Он изучает код, находит причину и делит работу на параллельные направления.
   13.21– 16.39  шаг  3.90 с  У каждого агента своя ветка, поэтому изменения не конфликтуют.
   17.11– 21.25  шаг  4.86 с  У каждой модели своя роль: планировать, писать код или обновлять документацию.
   21.97– 24.81  шаг  3.56 с  В его чате видны ветка, контекст и стоимость работы.
   25.53– 28.37  шаг  3.56 с  Воркер присылает список изменённых файлов и результат тестов.
   29.09– 32.34  шаг  3.98 с  Оркестратор сам проверяет изменения и запускает весь набор тестов.
   33.06– 37.35  шаг  5.01 с  После проверки он объединяет изменения одним коммитом на задачу. Код не выкачен.
   38.07– 39.72  шаг  2.37 с  Доска задач обновляется сама.
   40.44– 43.49  шаг  3.76 с  Нажмите на панель квот, чтобы увидеть лимиты Клода и Кодекса.
   44.21– 47.39  шаг  3.90 с  История показывает, как быстро расходуются квоты от недели к неделе.
   48.11– 51.37  шаг  3.98 с  Аналитика показывает стоимость по дням и расходы Клода и Кодекса.
   52.09– 55.16  шаг  3.79 с  Выберите период или посмотрите расходы каждого агента и модели.
   55.88– 58.77  шаг  3.61 с  Шлюз задерживает запуск новых воркеров до исчерпания лимита.
   59.49– 62.77  шаг  4.00 с  Рискованные действия, например возврат денег, ждут вашего разрешения.
   63.49– 67.29  шаг  6.58 с  Оркестра — открытый код на вашем сервере, работающий с уже подключёнными подписками.
длина ролика 71.8 с
/home/kesha/readme-stand-V690/render/voices/orchestra-tour-contact.png
/home/kesha/readme-stand-V690/render/voices/orchestra-tour.mp4 9.0 МБ
  recall 1.00  сдвиг слова 0.2  звука 0.02  Это Оркестра: одна панель управления командой агентов искусственного интеллекта для вашего репозитория.
      слышно: это оркестра одна панель управления командой агентов искусственного интеллекта для вашего репозитория
  recall 1.00  сдвиг слова -0.12  звука 0.03  Вы описываете задачу оркестратору обычными словами.
      слышно: вы описываете задачу оркестра обычными словами
  recall 1.00  сдвиг слова -0.13  звука 0.02  Он изучает код, находит причину и делит работу на параллельные направления.
      слышно: он изучает код находит причину и делит работу на параллельное направление
  recall 1.00  сдвиг слова -0.06  звука 0.03  У каждого агента своя ветка, поэтому изменения не конфликтуют.
      слышно: у каждого агента своя ветка поэтому изменения не конфликтуют
  recall 1.00  сдвиг слова -0.04  звука 0.03  У каждой модели своя роль: планировать, писать код или обновлять документацию.
      слышно: у каждой модели своя роль планировать писать код или обновлять документацию
  recall 1.00  сдвиг слова -0.03  звука 0.02  В его чате видны ветка, контекст и стоимость работы.
      слышно: в его чате видны ветка контекст и стоимость работы
  recall 1.00  сдвиг слова -0.07  звука 0.01  Воркер присылает список изменённых файлов и результат тестов.
      слышно: воркер присылает список изменённых файлов и результат тестов
  recall 1.00  сдвиг слова -0.11  звука 0.02  Оркестратор сам проверяет изменения и запускает весь набор тестов.
      слышно: оркестратор сам проверяет изменения и запускает весь набор тестов
  recall 1.00  сдвиг слова -0.08  звука 0.02  После проверки он объединяет изменения одним коммитом на задачу. Код не выкачен.
      слышно: после проверки он объединяет изменения одним коммитом на задачу код не выкачан
  recall 1.00  сдвиг слова 0.03  звука 0.02  Доска задач обновляется сама.
      слышно: доска задач обновляется сама
  recall 1.00  сдвиг слова -0.03  звука 0.02  Нажмите на панель квот, чтобы увидеть лимиты Клода и Кодекса.
      слышно: нажмите на панель квот чтобы увидеть лимиты клода и кодекса
  recall 1.00  сдвиг слова -0.03  звука 0.01  История показывает, как быстро расходуются квоты от недели к неделе.
      слышно: история показывает как быстро расходуются квоты от недели к неделе
  recall 1.00  сдвиг слова -0.01  звука 0.02  Аналитика показывает стоимость по дням и расходы Клода и Кодекса.
      слышно: аналитика показывает стоимость по дням и расходы клода кодекса
  recall 1.00  сдвиг слова -0.05  звука 0.01  Выберите период или посмотрите расходы каждого агента и модели.
      слышно: выберите период или посмотрите расходы каждого агента и модели
  recall 1.00  сдвиг слова 0.0  звука 0.01  Шлюз задерживает запуск новых воркеров до исчерпания лимита.
      слышно: шлюз задерживает запуск новых воркеров до исчерпания лимита
  recall 1.00  сдвиг слова 0.07  звука 0.01  Рискованные действия, например возврат денег, ждут вашего разрешения.
      слышно: рискованные действия например возврат денег ждут вашего разрешения
  recall 1.00  сдвиг слова 0.01  звука 0.02  Оркестра — открытый код на вашем сервере, работающий с уже подключёнными подписками.
      слышно: оркестра открытый код на вашем сервере работающий с уже подключенными подписками
минимальная дословность 1.0, наибольший сдвиг: первого слова 0.2 с, начала звука 0.03 с
Deepgram min recall=1.0 onset max=0.03 s
orchestra-tour-voskspeaker4-male_1 telegram=9041329 github=4976942 crf=27
