.....................................................................sss [  1%]
ssssssssssssssssssssssssssssssssssss.................................... [  3%]
........................................................................ [  5%]
........................................................................ [  7%]
........................................................................ [  9%]
........................................................................ [ 11%]
........................................................................ [ 12%]
........................................................................ [ 14%]
.................................s...................................... [ 16%]
...........................................F............................ [ 18%]
........................................................................ [ 20%]
.F...................FFF..F.F..FF....................................... [ 22%]
........................................................................ [ 24%]
........................................................................ [ 25%]
........................................................................ [ 27%]
.............................E..........................FFFFFFFFFFF..... [ 29%]
........................................................................ [ 31%]
...........EEEEEE............................F.......................... [ 33%]
........................................................................ [ 35%]
......................................................F..