============================= test session starts ==============================
platform linux -- Python 3.12.3, pytest-9.0.3, pluggy-1.6.0
rootdir: /home/kesha/orchestra/worktrees/home-kesha-orchestra/fix-telegram
configfile: pyproject.toml
plugins: base-url-2.1.0, anyio-4.13.0, playwright-0.8.0, xdist-3.8.0, asyncio-1.4.0, timeout-2.4.0
asyncio: mode=Mode.STRICT, debug=False, asyncio_default_fixture_loop_scope=None, asyncio_default_test_loop_scope=function
timeout: 120.0s
timeout method: thread
timeout func_only: False
collected 243 items

tests/test_tg_bridge.py ................................................ [ 19%]
........................................................................ [ 49%]
........................................................................ [ 79%]
........................                                                 [ 88%]
tests/test_tg_file_deliveries.py ......                                  [ 91%]
tests/test_tg_file_limits_v544.py ............                           [ 96%]
tests/test_tg_ingress_509.py ...                                         [ 97%]
tests/test_audit0901_tg.py ......                                        [100%]

=============================== warnings summary ===============================
tests/test_tg_bridge.py::TestMediaGenerationSafety::test_stale_voice_cannot_overwrite_next_text_generation
  /home/kesha/orchestra/.venv/lib/python3.12/site-packages/_pytest/unraisableexception.py:67: PytestUnraisableExceptionWarning: Exception ignored in: <function BaseSubprocessTransport.__del__ at 0x70b933620900>
  
  Traceback (most recent call last):
    File "/usr/lib/python3.12/asyncio/base_subprocess.py", line 126, in __del__
      self.close()
    File "/usr/lib/python3.12/asyncio/base_subprocess.py", line 104, in close
      proto.pipe.close()
    File "/usr/lib/python3.12/asyncio/unix_events.py", line 767, in close
      self.write_eof()
    File "/usr/lib/python3.12/asyncio/unix_events.py", line 753, in write_eof
      self._loop.call_soon(self._call_connection_lost, None)
    File "/usr/lib/python3.12/asyncio/base_events.py", line 795, in call_soon
      self._check_closed()
    File "/usr/lib/python3.12/asyncio/base_events.py", line 541, in _check_closed
      raise RuntimeError('Event loop is closed')
  RuntimeError: Event loop is closed
  
  Enable tracemalloc to get traceback where the object was allocated.
  See https://docs.pytest.org/en/stable/how-to/capture-warnings.html#resource-warnings for more info.
    warnings.warn(pytest.PytestUnraisableExceptionWarning(msg))

-- Docs: https://docs.pytest.org/en/stable/how-to/capture-warnings.html
======================= 243 passed, 1 warning in 17.67s ========================
Exception ignored in: <function BaseSubprocessTransport.__del__ at 0x70b933620900>
Traceback (most recent call last):
  File "/usr/lib/python3.12/asyncio/base_subprocess.py", line 126, in __del__
  File "/usr/lib/python3.12/asyncio/base_subprocess.py", line 104, in close
  File "/usr/lib/python3.12/asyncio/unix_events.py", line 767, in close
  File "/usr/lib/python3.12/asyncio/unix_events.py", line 753, in write_eof
  File "/usr/lib/python3.12/asyncio/base_events.py", line 795, in call_soon
  File "/usr/lib/python3.12/asyncio/base_events.py", line 541, in _check_closed
RuntimeError: Event loop is closed
