=== CANARY v2 label=D2-cap-raised-rag-on seconds=120 cadence=0.2s drive=RAG search 1/2s 2026-08-03 18:28:13 ===
инструмент: /api/models (in-memory) | контроль: 127.0.0.1:8899/ping (отдельный процесс) | legacy: /api/role-icons (читает диск)
--- условия ДО: {"pid": 79151, "rag_enabled": "true", "rag_onnx_threads": "<unset>", "rss_mb": 1284, "onnxruntime_so_maps": 9, "onnx_model_maps": 0, "threads": 34, "nproc": 8, "mem_total_gb": 23.5, "uptime_min": 423.1, "loadavg": ["5.02", "4.76", "5.14"], "agent_procs": 9, "pressure_io": ["some avg10=2.10 avg60=1.70 avg300=7.15 total=1588649603", "full avg10=1.56 avg60=1.31 avg300=6.66 total=1502197041"], "pressure_cpu": ["some avg10=3.58 avg60=2.47 avg300=1.58 total=316864307", "full avg10=0.00 avg60=0.00 avg300=0.00 total=0"]}
--- условия ПОСЛЕ: {"pid": 79151, "rag_enabled": "true", "rag_onnx_threads": "<unset>", "rss_mb": 1687, "onnxruntime_so_maps": 9, "onnx_model_maps": 0, "threads": 34, "nproc": 8, "mem_total_gb": 23.5, "uptime_min": 425.2, "loadavg": ["4.22", "4.58", "5.03"], "agent_procs": 9, "pressure_io": ["some avg10=2.18 avg60=2.60 avg300=5.58 total=1592339447", "full avg10=1.85 avg60=2.25 avg300=5.14 total=1505403601"], "pressure_cpu": ["some avg10=1.38 avg60=1.46 avg300=1.50 total=319211280", "full avg10=0.00 avg60=0.00 avg300=0.00 total=0"]}
--- результаты ---
  orchestra        n= 576  p50=     4.9  p90=     9.9  p99=     34.7  max=     88.3 ms
      >   50ms:    3 (  0.5%)
      >  100ms:    0 (  0.0%)
      >  250ms:    0 (  0.0%)
      >  500ms:    0 (  0.0%)
      > 1000ms:    0 (  0.0%)
      > 2000ms:    0 (  0.0%)   <<< порог фронта
      > 5000ms:    0 (  0.0%)
  control          n= 576  p50=     1.5  p90=     3.2  p99=      8.7  max=     48.8 ms
      >   50ms:    0 (  0.0%)
      >  100ms:    0 (  0.0%)
      >  250ms:    0 (  0.0%)
      >  500ms:    0 (  0.0%)
      > 1000ms:    0 (  0.0%)
      > 2000ms:    0 (  0.0%)   <<< порог фронта
      > 5000ms:    0 (  0.0%)
  legacy           n= 115  p50=     4.1  p90=     8.7  p99=     22.4  max=     22.5 ms
      >   50ms:    0 (  0.0%)
      >  100ms:    0 (  0.0%)
      >  250ms:    0 (  0.0%)
      >  500ms:    0 (  0.0%)
      > 1000ms:    0 (  0.0%)
      > 2000ms:    0 (  0.0%)   <<< порог фронта
      > 5000ms:    0 (  0.0%)
  медиана orchestra/control = 3.4×
--- нагрузка RAG: 56 запросов /api/memory/search, ответы {200: 56} ---
  rag-search(200)  n=  56  p50=   153.6  p90=   248.1  p99=    618.0  max=    618.0 ms
      >   50ms:   56 (100.0%)
      >  100ms:   56 (100.0%)
      >  250ms:    5 (  8.9%)
      >  500ms:    1 (  1.8%)
      > 1000ms:    0 (  0.0%)
      > 2000ms:    0 (  0.0%)   <<< порог фронта
      > 5000ms:    0 (  0.0%)
--- страничные фолты сервера: minflt 114275/с, majflt 24/с ---
--- cgroup orchestra.service: memory.high срабатываний 0/с, pgscan_direct 0/с, лимит high=8,589,934,592 current=4,426,137,600 ---
  стоек нет — сравнивать не с чем
--- стойки >250 мс: 0 ---
--- ошибки: 0 ---
