/dev/sda1      310911414272 258101268480 52793368576  84% /
Cache is currently in-use, waiting for other uv processes to finish (use `--force` to override)
/dev/sda1      310911414272 258106241024 52788396032  84% /
fastembed:
bash: line 1: /proc/1/environ: Permission denied
bash: line 1: /proc/100/environ: Permission denied
bash: line 1: /proc/103/environ: Permission denied
bash: line 1: /proc/105/environ: Permission denied
bash: line 1: /proc/112/environ: Permission denied
bash: line 1: /proc/1142203/environ: Permission denied
bash: line 1: /proc/1142204/environ: Permission denied
bash: line 1: /proc/1142205/environ: Permission denied
bash: line 1: /proc/1142206/environ: Permission denied
bash: line 1: /proc/1142207/environ: Permission denied
bash: line 1: /proc/1142208/environ: Permission denied
bash: line 1: /proc/1142209/environ: Permission denied
bash: line 1: /proc/1142210/environ: Permission denied
bash: line 1: /proc/117/environ: Permission denied
bash: line 1: /proc/12/environ: Permission denied
bash: line 1: /proc/122/environ: Permission denied
bash: line 1: /proc/1256448/environ: Permission denied
bash: line 1: /proc/13/environ: Permission denied
bash: line 1: /proc/132/environ: Permission denied
bash: line 1: /proc/14/environ: Permission denied
bash: line 1: /proc/15/environ: Permission denied
bash: line 1: /proc/16/environ: Permission denied
bash: line 1: /proc/1639903/environ: Permission denied
bash: line 1: /proc/1639918/environ: Permission denied
bash: line 1: /proc/17/environ: Permission denied
bash: line 1: /proc/18/environ: Permission denied
bash: line 1: /proc/1892612/environ: Permission denied
bash: line 1: /proc/1892630/environ: Permission denied
bash: line 1: /proc/19/environ: Permission denied
bash: line 1: /proc/2/environ: Permission denied
bash: line 1: /proc/20/environ: Permission denied
bash: line 1: /proc/21/environ: Permission denied
bash: line 1: /proc/22/environ: Permission denied
bash: line 1: /proc/23/environ: Permission denied
bash: line 1: /proc/24/environ: Permission denied
bash: line 1: /proc/2461932/environ: Permission denied
bash: line 1: /proc/2461933/environ: Permission denied
bash: line 1: /proc/2461938/environ: Permission denied
bash: line 1: /proc/248/environ: Permission denied
bash: line 1: /proc/2625339/environ: Permission denied
bash: line 1: /proc/2642536/environ: Permission denied
bash: line 1: /proc/2679090/environ: Permission denied
bash: line 1: /proc/2698980/environ: Permission denied
bash: line 1: /proc/27/environ: Permission denied
bash: line 1: /proc/2722188/environ: Permission denied
bash: line 1: /proc/2726558/environ: Permission denied
bash: line 1: /proc/2749003/environ: Permission denied
bash: line 1: /proc/2775149/environ: Permission denied
bash: line 1: /proc/2778327/environ: Permission denied
bash: line 1: /proc/28/environ: Permission denied
bash: line 1: /proc/2800262/environ: Permission denied
bash: line 1: /proc/2805167/environ: Permission denied
bash: line 1: /proc/2848006/environ: Permission denied
bash: line 1: /proc/2851863/environ: Permission denied
bash: line 1: /proc/2854436/environ: Permission denied
bash: line 1: /proc/2859995/environ: Permission denied
bash: line 1: /proc/2860062/environ: Permission denied
bash: line 1: /proc/2860091/environ: Permission denied
bash: line 1: /proc/29/environ: Permission denied
bash: line 1: /proc/298/environ: Permission denied
bash: line 1: /proc/299/environ: Permission denied
bash: line 1: /proc/3/environ: Permission denied
bash: line 1: /proc/30/environ: Permission denied
bash: line 1: /proc/3169879/environ: Permission denied
bash: line 1: /proc/3169897/environ: Permission denied
bash: line 1: /proc/3169948/environ: Permission denied
bash: line 1: /proc/33/environ: Permission denied
bash: line 1: /proc/34/environ: Permission denied
bash: line 1: /proc/3432972/environ: Permission denied
bash: line 1: /proc/3453134/environ: Permission denied
bash: line 1: /proc/3476265/environ: Permission denied
bash: line 1: /proc/3476290/environ: Permission denied
bash: line 1: /proc/3476455/environ: Permission denied
bash: line 1: /proc/3480302/environ: Permission denied
bash: line 1: /proc/3485142/environ: Permission denied
bash: line 1: /proc/3485615/environ: Permission denied
bash: line 1: /proc/3486609/environ: Permission denied
bash: line 1: /proc/3487620/environ: Permission denied
bash: line 1: /proc/34879/environ: Permission denied
bash: line 1: /proc/3488840/environ: Permission denied
bash: line 1: /proc/3494877/environ: Permission denied
bash: line 1: /proc/3494903/environ: Permission denied
bash: line 1: /proc/3496326/environ: Permission denied
bash: line 1: /proc/3497204/environ: Permission denied
bash: line 1: /proc/35/environ: Permission denied
bash: line 1: /proc/3501780/environ: Permission denied
bash: line 1: /proc/3502033/environ: Permission denied
bash: line 1: /proc/3502166/environ: Permission denied
bash: line 1: /proc/3502290/environ: Permission denied
bash: line 1: /proc/3502317/environ: Permission denied
bash: line 1: /proc/3503029/environ: Permission denied
bash: line 1: /proc/3503123/environ: Permission denied
bash: line 1: /proc/3503370/environ: Permission denied
bash: line 1: /proc/3503492/environ: Permission denied
bash: line 1: /proc/3503714/environ: Permission denied
bash: line 1: /proc/3504164/environ: Permission denied
bash: line 1: /proc/3504165/environ: Permission denied
bash: line 1: /proc/3505648/environ: Permission denied
bash: line 1: /proc/3506200/environ: Permission denied
bash: line 1: /proc/3507866/environ: Permission denied
bash: line 1: /proc/3507925/environ: Permission denied
bash: line 1: /proc/3507958/environ: Permission denied
bash: line 1: /proc/3508120/environ: Permission denied
bash: line 1: /proc/3508176/environ: Permission denied
bash: line 1: /proc/36/environ: Permission denied
bash: line 1: /proc/360275/environ: Permission denied
bash: line 1: /proc/360276/environ: Permission denied
bash: line 1: /proc/360277/environ: Permission denied
bash: line 1: /proc/360278/environ: Permission denied
bash: line 1: /proc/3841952/environ: Permission denied
bash: line 1: /proc/39/environ: Permission denied
bash: line 1: /proc/394/environ: Permission denied
bash: line 1: /proc/395/environ: Permission denied
bash: line 1: /proc/4/environ: Permission denied
bash: line 1: /proc/40/environ: Permission denied
bash: line 1: /proc/41/environ: Permission denied
bash: line 1: /proc/4123706/environ: Permission denied
bash: line 1: /proc/42/environ: Permission denied
bash: line 1: /proc/45/environ: Permission denied
bash: line 1: /proc/46/environ: Permission denied
bash: line 1: /proc/47/environ: Permission denied
bash: line 1: /proc/48/environ: Permission denied
bash: line 1: /proc/5/environ: Permission denied
bash: line 1: /proc/51/environ: Permission denied
bash: line 1: /proc/52/environ: Permission denied
bash: line 1: /proc/53/environ: Permission denied
bash: line 1: /proc/539/environ: Permission denied
bash: line 1: /proc/54/environ: Permission denied
bash: line 1: /proc/540/environ: Permission denied
bash: line 1: /proc/57/environ: Permission denied
bash: line 1: /proc/58/environ: Permission denied
bash: line 1: /proc/59/environ: Permission denied
bash: line 1: /proc/6/environ: Permission denied
bash: line 1: /proc/60/environ: Permission denied
bash: line 1: /proc/63/environ: Permission denied
bash: line 1: /proc/64/environ: Permission denied
bash: line 1: /proc/65/environ: Permission denied
bash: line 1: /proc/66/environ: Permission denied
bash: line 1: /proc/68/environ: Permission denied
bash: line 1: /proc/7/environ: Permission denied
bash: line 1: /proc/70/environ: Permission denied
bash: line 1: /proc/71/environ: Permission denied
bash: line 1: /proc/72/environ: Permission denied
bash: line 1: /proc/74/environ: Permission denied
bash: line 1: /proc/75/environ: Permission denied
bash: line 1: /proc/76/environ: Permission denied
bash: line 1: /proc/764/environ: Permission denied
bash: line 1: /proc/77/environ: Permission denied
bash: line 1: /proc/771/environ: Permission denied
bash: line 1: /proc/78/environ: Permission denied
bash: line 1: /proc/801/environ: Permission denied
bash: line 1: /proc/809/environ: Permission denied
bash: line 1: /proc/81/environ: Permission denied
bash: line 1: /proc/82/environ: Permission denied
bash: line 1: /proc/83/environ: Permission denied
bash: line 1: /proc/84/environ: Permission denied
bash: line 1: /proc/85/environ: Permission denied
bash: line 1: /proc/86/environ: Permission denied
bash: line 1: /proc/867/environ: Permission denied
bash: line 1: /proc/87/environ: Permission denied
bash: line 1: /proc/89/environ: Permission denied
bash: line 1: /proc/904/environ: Permission denied
bash: line 1: /proc/909355/environ: Permission denied
bash: line 1: /proc/909366/environ: Permission denied
bash: line 1: /proc/909382/environ: Permission denied
bash: line 1: /proc/909409/environ: Permission denied
bash: line 1: /proc/909421/environ: Permission denied
bash: line 1: /proc/909425/environ: Permission denied
bash: line 1: /proc/909438/environ: Permission denied
bash: line 1: /proc/909450/environ: Permission denied
bash: line 1: /proc/909457/environ: Permission denied
bash: line 1: /proc/909474/environ: Permission denied
bash: line 1: /proc/909530/environ: Permission denied
bash: line 1: /proc/909532/environ: Permission denied
bash: line 1: /proc/91/environ: Permission denied
bash: line 1: /proc/910257/environ: Permission denied
bash: line 1: /proc/911683/environ: Permission denied
bash: line 1: /proc/916/environ: Permission denied
bash: line 1: /proc/92/environ: Permission denied
bash: line 1: /proc/93/environ: Permission denied
bash: line 1: /proc/94/environ: Permission denied
bash: line 1: /proc/95/environ: Permission denied
bash: line 1: /proc/96/environ: Permission denied
bash: line 1: /proc/97/environ: Permission denied
bash: line 1: /proc/98/environ: Permission denied
bash: line 1: /proc/99/environ: Permission denied
total 1024
drwxr-xr-x    4 kesha kesha    4096 2026-10-08_07:04:12 .
drwxrwxrwt 2485 root  root  1028096 2026-10-08_21:23:07 ..
drwxr-xr-x    3 kesha kesha    4096 2026-10-08_07:04:12 .locks
-rw-r--r--    1 kesha kesha     191 2026-10-08_07:04:12 CACHEDIR.TAG
