cdn 0.055140
own 0.128379
cdn 0.059718
own 0.071873
cdn 0.057361
own 0.067937
cdn 0.051659
own 0.128556
cdn 0.055314
own 0.060896
cdn 0.054696
own 0.068513
cdn 0.051882
own 0.061289
cdn 0.062325
own 0.067429
cdn 0.052246
own 0.071159
cdn 0.062816
own 0.072529
cdn 0.053005
own 0.070361
cdn 0.054349
own 0.125272
cdn 0.097208
own 0.077187
cdn 0.056234
own 0.061805
cdn 0.046100
own 0.070651
cdn 0.060971
own 0.063356
cdn 0.053164
own 0.097772
cdn 0.056498
own 0.073411
cdn 0.060192
own 0.074352
cdn 0.085132
own 0.068945
cdn 0.050053
own 0.060197
cdn 0.086626
own 0.131781
cdn 0.054121
own 0.060455
cdn 0.051351
own 0.060759
cdn 0.091158
own 0.065798
cdn 0.051338
own 0.069986
cdn 0.083457
own 0.066811
cdn 0.057154
own 0.064098
cdn 0.059373
own 0.066172
cdn 0.058625
own 0.069032
cdn 0.049561
own 0.139684
cdn 0.092273
own 0.067185
cdn 0.066593
own 0.064675
cdn 0.049525
own 0.067269
cdn 0.058282
own 0.067552
cdn 0.090945
own 0.087139
cdn 0.068888
own 0.144448
cdn 0.063131
own 0.137119
cdn 0.060464
own 0.127307
cdn 0.059794
own 0.061706
