helper=_daily_usage seconds=0.019
helper=_agent_rows seconds=0.015
helper=_model_rows seconds=0.006
helper=_model_speed_analytics seconds=0.022
helper=_task_summary seconds=0.042
helper=_lifetime_summary seconds=0.034
helper=_reliability seconds=0.003
helper=_retention seconds=0.065
days=1 total_seconds=0.217 daily=1 agents=45 models=5 lifetime_agents=918 speed_points=14
query_seconds~=0.065 sql=SELECT MIN(ts) AS first_ts, MAX(ts) AS last_ts FROM logs WHERE type = 'status' AND content LIKE '%turn ended%'
query_seconds~=0.039 sql=WITH linked_tasks AS ( SELECT t.id, t.created_at, SUM(u.cost_usd) AS cost_usd, COUNT(*) AS turns, COUNT(u.cost_usd) AS priced_turns, datetime(t.created_at) >= datetime(( SELECT val
query_seconds~=0.034 sql=SELECT COUNT(*) AS agents, COUNT(*) FILTER ( WHERE status IN ('running', 'starting') ) AS active_agents, COALESCE(SUM(cost_usd), 0) AS cost_usd, COALESCE(SUM(total_turns), 0) AS tu
query_seconds~=0.022 sql=SELECT model, runtime, ts, output_tokens, api_duration_ms, duration_basis, turn_duration_ms, CASE WHEN api_duration_ms > 0 THEN api_duration_ms WHEN duration_basis = 'incomplete' T
query_seconds~=0.015 sql=WITH observed_turns AS ( SELECT u.ts, u.session_id, COALESCE(s.name, u.session_id) AS name, COALESCE(NULLIF(u.scope, ''), s.scope, '') AS scope, COALESCE(NULLIF(u.model, ''), s.mod
query_seconds~=0.010 sql=WITH observed_turns AS ( SELECT u.ts, u.session_id, COALESCE(s.name, u.session_id) AS name, COALESCE(NULLIF(u.scope, ''), s.scope, '') AS scope, COALESCE(NULLIF(u.model, ''), s.mod
query_seconds~=0.009 sql=WITH observed_turns AS ( SELECT u.ts, u.session_id, COALESCE(s.name, u.session_id) AS name, COALESCE(NULLIF(u.scope, ''), s.scope, '') AS scope, COALESCE(NULLIF(u.model, ''), s.mod
query_seconds~=0.006 sql=SELECT MIN(ts) AS first_ts, MAX(ts) AS last_ts FROM logs WHERE type = 'status' AND content LIKE '%turn ended%' AND date(ts) >= date('now', '-0 days')
query_seconds~=0.005 sql=WITH observed_turns AS ( SELECT u.ts, u.session_id, COALESCE(s.name, u.session_id) AS name, COALESCE(NULLIF(u.scope, ''), s.scope, '') AS scope, COALESCE(NULLIF(u.model, ''), s.mod
query_seconds~=0.004 sql=SELECT COUNT(*) FROM tm_tasks WHERE status IN ('done', 'paid') AND date(completed_at) >= date('now', '-0 days')
get_last_turn_map_seconds=0.268 sessions=902
