days=7 total_seconds=64.519 daily=7 agents=153 models=6
query_seconds~=55.443 sql=SELECT MIN(ts) AS first_ts, MAX(ts) AS last_ts FROM logs WHERE type = 'status' AND content LIKE '%turn ended%'
query_seconds~=4.032 sql=WITH observed_turns AS ( SELECT u.ts, u.session_id, COALESCE(s.name, u.session_id) AS name, COALESCE(NULLIF(u.scope, ''), s.scope, '') AS scope, COALESCE(NULLIF(u.model, ''), s.mod
query_seconds~=1.804 sql=SELECT COUNT(*) AS agents, COUNT(*) FILTER ( WHERE status IN ('running', 'starting') ) AS active_agents, COALESCE(SUM(cost_usd), 0) AS cost_usd, COALESCE(SUM(total_turns), 0) AS tu
query_seconds~=1.262 sql=SELECT task_type, status, COUNT(*) AS count FROM subagents WHERE date(started_at) >= date('now', '-6 days') GROUP BY task_type, status
query_seconds~=0.884 sql=SELECT e.runtime, e.tool_name, COUNT(*) AS error_count, MAX(e.ts) AS last_seen, ( SELECT recent.error_text FROM tool_errors recent WHERE recent.runtime = e.runtime AND recent.tool_
query_seconds~=0.387 sql=SELECT COUNT(*) FROM tm_tasks WHERE status IN ('done', 'paid') AND date(completed_at) >= date('now', '-6 days')
query_seconds~=0.194 sql=WITH linked_tasks AS ( SELECT t.id, t.created_at, SUM(u.cost_usd) AS cost_usd, COUNT(*) AS turns, COUNT(u.cost_usd) AS priced_turns, datetime(t.created_at) >= datetime(( SELECT val
query_seconds~=0.153 sql=SELECT MIN(ts) AS first_ts, MAX(ts) AS last_ts FROM logs WHERE type = 'status' AND content LIKE '%turn ended%' AND date(ts) >= date('now', '-6 days')
query_seconds~=0.129 sql=WITH observed_turns AS ( SELECT u.ts, u.session_id, COALESCE(s.name, u.session_id) AS name, COALESCE(NULLIF(u.scope, ''), s.scope, '') AS scope, COALESCE(NULLIF(u.model, ''), s.mod
query_seconds~=0.085 sql=WITH observed_turns AS ( SELECT u.ts, u.session_id, COALESCE(s.name, u.session_id) AS name, COALESCE(NULLIF(u.scope, ''), s.scope, '') AS scope, COALESCE(NULLIF(u.model, ''), s.mod
days=1 total_seconds=6.132 daily=1 agents=45 models=5
query_seconds~=3.027 sql=SELECT MIN(ts) AS first_ts, MAX(ts) AS last_ts FROM logs WHERE type = 'status' AND content LIKE '%turn ended%'
query_seconds~=1.358 sql=SELECT COUNT(*) AS agents, COUNT(*) FILTER ( WHERE status IN ('running', 'starting') ) AS active_agents, COALESCE(SUM(cost_usd), 0) AS cost_usd, COALESCE(SUM(total_turns), 0) AS tu
query_seconds~=0.515 sql=SELECT task_type, status, COUNT(*) AS count FROM subagents WHERE date(started_at) >= date('now', '-0 days') GROUP BY task_type, status
query_seconds~=0.401 sql=SELECT e.runtime, e.tool_name, COUNT(*) AS error_count, MAX(e.ts) AS last_seen, ( SELECT recent.error_text FROM tool_errors recent WHERE recent.runtime = e.runtime AND recent.tool_
query_seconds~=0.160 sql=WITH linked_tasks AS ( SELECT t.id, t.created_at, SUM(u.cost_usd) AS cost_usd, COUNT(*) AS turns, COUNT(u.cost_usd) AS priced_turns, datetime(t.created_at) >= datetime(( SELECT val
query_seconds~=0.129 sql=WITH observed_turns AS ( SELECT u.ts, u.session_id, COALESCE(s.name, u.session_id) AS name, COALESCE(NULLIF(u.scope, ''), s.scope, '') AS scope, COALESCE(NULLIF(u.model, ''), s.mod
query_seconds~=0.123 sql=WITH observed_turns AS ( SELECT u.ts, u.session_id, COALESCE(s.name, u.session_id) AS name, COALESCE(NULLIF(u.scope, ''), s.scope, '') AS scope, COALESCE(NULLIF(u.model, ''), s.mod
query_seconds~=0.119 sql=WITH observed_turns AS ( SELECT u.ts, u.session_id, COALESCE(s.name, u.session_id) AS name, COALESCE(NULLIF(u.scope, ''), s.scope, '') AS scope, COALESCE(NULLIF(u.model, ''), s.mod
query_seconds~=0.118 sql=SELECT COUNT(*) FROM tm_tasks WHERE status IN ('done', 'paid') AND date(completed_at) >= date('now', '-0 days')
query_seconds~=0.099 sql=WITH observed_turns AS ( SELECT u.ts, u.session_id, COALESCE(s.name, u.session_id) AS name, COALESCE(NULLIF(u.scope, ''), s.scope, '') AS scope, COALESCE(NULLIF(u.model, ''), s.mod
