{
  "all_ac_pass": true,
  "expected_removable_effect_s": 2.6445530289784074,
  "handshake_values_s": [
    2.698840622790158,
    2.4677440428640693,
    2.6445530289784074
  ],
  "metric": "client_overhead_s",
  "noise_range_s": 1.082166860345751,
  "pass": true,
  "rule": "pass iff all AC pass and client-overhead range < median exec process/handshake",
  "runs": [
    "aa-exec-1",
    "aa-exec-2",
    "aa-exec-3"
  ],
  "values_s": [
    3.813015241874382,
    3.524987833807245,
    4.607154694152996
  ]
}
