синтез 2 фраз (загрузка модели ~2 мин)…
tts: .orchestra/tasks/V-681/video/.tts-cache/f0d1f55fcdfd78b2.raw.wav
tts: .orchestra/tasks/V-681/video/.tts-cache/c006abd12fcb3839.raw.wav
    0.35–  8.59  шаг  9.14 с  Агент замолчал, а потом вернулся с тем же длинным префиксом. Провайдер ещё помнит его, или весь контекст придётся считать заново?
    9.49– 15.05  шаг  6.46 с  Разница ощутимая: повтор из кеша стоит в сорок раз дешевле, чем тот же повтор без кеша.
   15.95– 25.30  шаг 10.25 с  Мы замерили дипсик через опен роутер у трёх провайдеров на десяти паузах, от минуты до двух часов. Для каждой паузы свой свежий префикс.
   26.20– 34.03  шаг  8.73 с  До десяти минут кеш живёт у всех трёх: семь тысяч шестьсот восемьдесят токенов из семи тысяч семисот приходят из кеша.
   34.93– 41.50  шаг  7.47 с  На двадцати минутах Тугезер всё забыл: ноль токенов из кеша. Его кеш живёт меньше двадцати минут.
   42.40– 47.93  шаг  6.43 с  А Дип Инфра и Стрим Лейк держат кеш и через два часа. Дольше мы просто не мерили.
   48.83– 56.60  шаг  8.67 с  Наш харнес первыми ставит именно Дип Инфру и Стрим Лейк. Значит, за паузу до двух часов кеш агента не остывает.
   57.50– 65.56  шаг  9.60 с  Но есть оговорки: один замер на ячейку, один день, и префикс в семь тысяч токенов, а не двести тысяч, как у живого агента.
длина ролика 68.8 с
.orchestra/tasks/V-681/video/cache-ttl-contact.png
.orchestra/tasks/V-681/video/cache-ttl.mp4 3.6 МБ
  recall 1.00  сдвиг 0.05  Агент замолчал, а потом вернулся с тем же длинным префиксом. Провайдер ещё помнит его, или весь контекст придётся считать заново?
      слышно: агент замолчал а потом вернулся с тем же длинным префиксом провайдер ещё помнит его или весь контекст придется считать заново
  recall 1.00  сдвиг 0.11  Разница ощутимая: повтор из кеша стоит в сорок раз дешевле, чем тот же повтор без кеша.
      слышно: разница ощутимая повтор из кэша стоит в 40 раз дешевле чем тот же без
  recall 0.91  сдвиг 0.1  Мы замерили дипсик через опен роутер у трёх провайдеров на десяти паузах, от минуты до двух часов. Для каждой паузы свой свежий префикс.
      слышно: мы замерили дипсик через роутер у трех провайдеров на паузах от минуты до двух часов для каждой паузы свой свежий префикс
  recall 1.00  сдвиг 0.08  До десяти минут кеш живёт у всех трёх: семь тысяч шестьсот восемьдесят токенов из семи тысяч семисот приходят из кеша.
      слышно: до 10 минут кэш живет у всех трех 7680 токенов из 7700 приходят кэша
  recall 0.94  сдвиг 0.13  На двадцати минутах Тугезер всё забыл: ноль токенов из кеша. Его кеш живёт меньше двадцати минут.
      слышно: на 20 минутах все забыл 0 токенов из кэша его кэш живет меньше минут
  recall 0.87  сдвиг 0.18  А Дип Инфра и Стрим Лейк держат кеш и через два часа. Дольше мы просто не мерили.
      слышно: а deepinfra иstreamlake держат кэш и через часа дольше мы просто не
  recall 0.94  сдвиг 0.16  Наш харнес первыми ставит именно Дип Инфру и Стрим Лейк. Значит, за паузу до двух часов кеш агента не остывает.
      слышно: наш harness первыми ставит именно deepinfra иstreamlake значит за паузу до часов кэш агента не остывает
  recall 0.86  сдвиг -0.72  Но есть оговорки: один замер на ячейку, один день, и префикс в семь тысяч токенов, а не двести тысяч, как у живого агента.
      слышно: но есть оговорки замер на ячейку день и префикс в 7000 токенов а не как у живого агента
минимальная дословность 0.86, наибольший сдвиг 0.72 с
wall 569.52 s, maxrss 1887132 KB
